Copyright 1986-2020 Xilinx, Inc. All Rights Reserved.
-----------------------------------------------------------------------------------------------------------------------------------------------------------------------------------------
| Tool Version : Vivado v.2020.2 (win64) Build 3064766 Wed Nov 18 09:12:45 MST 2020
| Date         : Thu Jul 23 09:12:16 2026
| Host         : DESKTOP-7CFQ9ND running 64-bit major release  (build 9200)
| Command      : report_methodology -file top_counter_10000_methodology_drc_routed.rpt -pb top_counter_10000_methodology_drc_routed.pb -rpx top_counter_10000_methodology_drc_routed.rpx
| Design       : top_counter_10000
| Device       : xc7a35tcpg236-1
| Speed File   : -1
| Design State : Fully Routed
-----------------------------------------------------------------------------------------------------------------------------------------------------------------------------------------

Report Methodology

Table of Contents
-----------------
1. REPORT SUMMARY
2. REPORT DETAILS

1. REPORT SUMMARY
-----------------
            Netlist: netlist
          Floorplan: design_1
      Design limits: <entire design considered>
             Max violations: <unlimited>
             Violations found: 15
+-----------+------------------+-------------------------------+------------+
| Rule      | Severity         | Description                   | Violations |
+-----------+------------------+-------------------------------+------------+
| TIMING-17 | Critical Warning | Non-clocked sequential cell   | 2          |
| LUTAR-1   | Warning          | LUT drives async reset alert  | 2          |
| TIMING-18 | Warning          | Missing input or output delay | 10         |
| TIMING-20 | Warning          | Non-clocked latch             | 1          |
+-----------+------------------+-------------------------------+------------+

2. REPORT DETAILS
-----------------
TIMING-17#1 Critical Warning
Non-clocked sequential cell  
The clock pin U_FND_CNTL/U_COUNTER_4/counter_reg_reg[0]/C is not reached by a timing clock
Related violations: <none>

TIMING-17#2 Critical Warning
Non-clocked sequential cell  
The clock pin U_FND_CNTL/U_COUNTER_4/counter_reg_reg[1]/C is not reached by a timing clock
Related violations: <none>

LUTAR-1#1 Warning
LUT drives async reset alert  
LUT cell U_DATAPATH_100000/U_COUNTER_10000/tick_counter_reg_reg[13]_LDC_i_1, with 2 or more inputs, drives asynchronous preset/clear pin(s) U_DATAPATH_100000/U_COUNTER_10000/tick_counter_reg_reg[0]_P/PRE,
U_DATAPATH_100000/U_COUNTER_10000/tick_counter_reg_reg[10]_P/PRE,
U_DATAPATH_100000/U_COUNTER_10000/tick_counter_reg_reg[13]_P/PRE,
U_DATAPATH_100000/U_COUNTER_10000/tick_counter_reg_reg[1]_P/PRE,
U_DATAPATH_100000/U_COUNTER_10000/tick_counter_reg_reg[2]_P/PRE,
U_DATAPATH_100000/U_COUNTER_10000/tick_counter_reg_reg[3]_P/PRE,
U_DATAPATH_100000/U_COUNTER_10000/tick_counter_reg_reg[8]_P/PRE
U_DATAPATH_100000/U_COUNTER_10000/tick_counter_reg_reg[9]_P/PRE. The LUT may glitch and trigger an unexpected reset, even if it is a properly timed path.
Related violations: <none>

LUTAR-1#2 Warning
LUT drives async reset alert  
LUT cell U_DATAPATH_100000/U_COUNTER_10000/tick_counter_reg_reg[13]_LDC_i_2, with 2 or more inputs, drives asynchronous preset/clear pin(s) U_DATAPATH_100000/U_COUNTER_10000/tick_counter_reg_reg[0]_C/CLR,
U_DATAPATH_100000/U_COUNTER_10000/tick_counter_reg_reg[10]_C/CLR,
U_DATAPATH_100000/U_COUNTER_10000/tick_counter_reg_reg[13]_C/CLR,
U_DATAPATH_100000/U_COUNTER_10000/tick_counter_reg_reg[13]_LDC/CLR,
U_DATAPATH_100000/U_COUNTER_10000/tick_counter_reg_reg[1]_C/CLR,
U_DATAPATH_100000/U_COUNTER_10000/tick_counter_reg_reg[2]_C/CLR,
U_DATAPATH_100000/U_COUNTER_10000/tick_counter_reg_reg[3]_C/CLR,
U_DATAPATH_100000/U_COUNTER_10000/tick_counter_reg_reg[8]_C/CLR
U_DATAPATH_100000/U_COUNTER_10000/tick_counter_reg_reg[9]_C/CLR. The LUT may glitch and trigger an unexpected reset, even if it is a properly timed path.
Related violations: <none>

TIMING-18#1 Warning
Missing input or output delay  
An input delay is missing on reset relative to clock(s) sys_clk_pin
Related violations: <none>

TIMING-18#2 Warning
Missing input or output delay  
An input delay is missing on sel relative to clock(s) sys_clk_pin
Related violations: <none>

TIMING-18#3 Warning
Missing input or output delay  
An output delay is missing on fnd_data[0] relative to clock(s) sys_clk_pin
Related violations: <none>

TIMING-18#4 Warning
Missing input or output delay  
An output delay is missing on fnd_data[1] relative to clock(s) sys_clk_pin
Related violations: <none>

TIMING-18#5 Warning
Missing input or output delay  
An output delay is missing on fnd_data[2] relative to clock(s) sys_clk_pin
Related violations: <none>

TIMING-18#6 Warning
Missing input or output delay  
An output delay is missing on fnd_data[3] relative to clock(s) sys_clk_pin
Related violations: <none>

TIMING-18#7 Warning
Missing input or output delay  
An output delay is missing on fnd_data[4] relative to clock(s) sys_clk_pin
Related violations: <none>

TIMING-18#8 Warning
Missing input or output delay  
An output delay is missing on fnd_data[5] relative to clock(s) sys_clk_pin
Related violations: <none>

TIMING-18#9 Warning
Missing input or output delay  
An output delay is missing on fnd_data[6] relative to clock(s) sys_clk_pin
Related violations: <none>

TIMING-18#10 Warning
Missing input or output delay  
An output delay is missing on fnd_data[7] relative to clock(s) sys_clk_pin
Related violations: <none>

TIMING-20#1 Warning
Non-clocked latch  
The latch U_DATAPATH_100000/U_COUNTER_10000/tick_counter_reg_reg[13]_LDC cannot be properly analyzed as its control pin U_DATAPATH_100000/U_COUNTER_10000/tick_counter_reg_reg[13]_LDC/G is not reached by a timing clock
Related violations: <none>


