Copyright 1986-2020 Xilinx, Inc. All Rights Reserved.
----------------------------------------------------------------------------------------------
| Tool Version : Vivado v.2020.2 (win64) Build 3064766 Wed Nov 18 09:12:45 MST 2020
| Date         : Thu Jul 23 09:12:04 2026
| Host         : DESKTOP-7CFQ9ND running 64-bit major release  (build 9200)
| Command      : report_control_sets -verbose -file top_counter_10000_control_sets_placed.rpt
| Design       : top_counter_10000
| Device       : xc7a35t
----------------------------------------------------------------------------------------------

Control Set Information

Table of Contents
-----------------
1. Summary
2. Histogram
3. Flip-Flop Distribution
4. Detailed Control Set Information

1. Summary
----------

+----------------------------------------------------------+-------+
|                          Status                          | Count |
+----------------------------------------------------------+-------+
| Total control sets                                       |     6 |
|    Minimum number of control sets                        |     6 |
|    Addition due to synthesis replication                 |     0 |
|    Addition due to physical synthesis replication        |     0 |
| Unused register locations in slices containing registers |    17 |
+----------------------------------------------------------+-------+
* Control sets can be merged at opt_design using control_set_merge or merge_equivalent_drivers
** Run report_qor_suggestions for automated merging and remapping suggestions


2. Histogram
------------

+--------------------+-------+
|       Fanout       | Count |
+--------------------+-------+
| Total control sets |     6 |
| >= 0 to < 4        |     2 |
| >= 4 to < 6        |     0 |
| >= 6 to < 8        |     1 |
| >= 8 to < 10       |     2 |
| >= 10 to < 12      |     0 |
| >= 12 to < 14      |     0 |
| >= 14 to < 16      |     0 |
| >= 16              |     1 |
+--------------------+-------+
* Control sets can be remapped at either synth_design or opt_design


3. Flip-Flop Distribution
-------------------------

+--------------+-----------------------+------------------------+-----------------+--------------+
| Clock Enable | Synchronous Set/Reset | Asynchronous Set/Reset | Total Registers | Total Slices |
+--------------+-----------------------+------------------------+-----------------+--------------+
| No           | No                    | No                     |               0 |            0 |
| No           | No                    | Yes                    |              40 |           12 |
| No           | Yes                   | No                     |               1 |            1 |
| Yes          | No                    | No                     |               0 |            0 |
| Yes          | No                    | Yes                    |              22 |            9 |
| Yes          | Yes                   | No                     |               0 |            0 |
+--------------+-----------------------+------------------------+-----------------+--------------+


4. Detailed Control Set Information
-----------------------------------

+-------------------------------------------------------------------------+----------------------------------------------------+------------------------------------------------------------------------+------------------+----------------+--------------+
|                               Clock Signal                              |                    Enable Signal                   |                            Set/Reset Signal                            | Slice Load Count | Bel Load Count | Bels / Slice |
+-------------------------------------------------------------------------+----------------------------------------------------+------------------------------------------------------------------------+------------------+----------------+--------------+
|  U_DATAPATH_100000/U_COUNTER_10000/tick_counter_reg_reg[13]_LDC_i_1_n_0 |                                                    | U_DATAPATH_100000/U_COUNTER_10000/tick_counter_reg_reg[13]_LDC_i_2_n_0 |                1 |              1 |         1.00 |
|  U_FND_CNTL/U_CLK_DIV/CLK                                               |                                                    | reset_IBUF                                                             |                2 |              2 |         1.00 |
|  clk_IBUF_BUFG                                                          | U_DATAPATH_100000/U_COUNTER_10000/tick_counter_reg | reset_IBUF                                                             |                2 |              6 |         3.00 |
|  clk_IBUF_BUFG                                                          | U_DATAPATH_100000/U_COUNTER_10000/tick_counter_reg | U_DATAPATH_100000/U_COUNTER_10000/tick_counter_reg_reg[13]_LDC_i_2_n_0 |                3 |              8 |         2.67 |
|  clk_IBUF_BUFG                                                          | U_DATAPATH_100000/U_COUNTER_10000/tick_counter_reg | U_DATAPATH_100000/U_COUNTER_10000/tick_counter_reg_reg[13]_LDC_i_1_n_0 |                4 |              8 |         2.00 |
|  clk_IBUF_BUFG                                                          |                                                    | reset_IBUF                                                             |               10 |             38 |         3.80 |
+-------------------------------------------------------------------------+----------------------------------------------------+------------------------------------------------------------------------+------------------+----------------+--------------+


