
*** Running vivado
    with args -log top_counter_10000.vds -m64 -product Vivado -mode batch -messageDb vivado.pb -notrace -source top_counter_10000.tcl



****** Vivado v2020.2 (64-bit)
  **** SW Build 3064766 on Wed Nov 18 09:12:45 MST 2020
  **** IP Build 3064653 on Wed Nov 18 14:17:31 MST 2020
    ** Copyright 1986-2020 Xilinx, Inc. All Rights Reserved.

source top_counter_10000.tcl -notrace
Command: synth_design -top top_counter_10000 -part xc7a35tcpg236-1
Starting synth_design
Attempting to get a license for feature 'Synthesis' and/or device 'xc7a35t'
INFO: [Common 17-349] Got license for feature 'Synthesis' and/or device 'xc7a35t'
INFO: [Device 21-403] Loading part xc7a35tcpg236-1
INFO: [Synth 8-7079] Multithreading enabled for synth_design using a maximum of 2 processes.
INFO: [Synth 8-7078] Launching helper process for spawning children vivado processes
INFO: [Synth 8-7075] Helper process launched with PID 20708
---------------------------------------------------------------------------------
Starting RTL Elaboration : Time (s): cpu = 00:00:02 ; elapsed = 00:00:03 . Memory (MB): peak = 1106.141 ; gain = 0.000
---------------------------------------------------------------------------------
INFO: [Synth 8-6157] synthesizing module 'top_counter_10000' [D:/work/26_AI_COMP_1/2026_07_22/2026_07_22.srcs/sources_1/new/counter_10000.v:3]
INFO: [Synth 8-6157] synthesizing module 'datapath_10000' [D:/work/26_AI_COMP_1/2026_07_22/2026_07_22.srcs/sources_1/new/counter_10000.v:62]
INFO: [Synth 8-6157] synthesizing module 'tick_gen' [D:/work/26_AI_COMP_1/2026_07_22/2026_07_22.srcs/sources_1/new/counter_10000.v:33]
INFO: [Synth 8-6155] done synthesizing module 'tick_gen' (1#1) [D:/work/26_AI_COMP_1/2026_07_22/2026_07_22.srcs/sources_1/new/counter_10000.v:33]
INFO: [Synth 8-6157] synthesizing module 'count_10000' [D:/work/26_AI_COMP_1/2026_07_22/2026_07_22.srcs/sources_1/new/counter_10000.v:87]
INFO: [Synth 8-6155] done synthesizing module 'count_10000' (2#1) [D:/work/26_AI_COMP_1/2026_07_22/2026_07_22.srcs/sources_1/new/counter_10000.v:87]
INFO: [Synth 8-6155] done synthesizing module 'datapath_10000' (3#1) [D:/work/26_AI_COMP_1/2026_07_22/2026_07_22.srcs/sources_1/new/counter_10000.v:62]
INFO: [Synth 8-6157] synthesizing module 'fnd_controller' [D:/work/26_AI_COMP_1/2026_07_22/2026_07_22.srcs/sources_1/imports/new/fnd_controller.v:5]
INFO: [Synth 8-6157] synthesizing module 'decoder_2x4' [D:/work/26_AI_COMP_1/2026_07_22/2026_07_22.srcs/sources_1/imports/new/fnd_controller.v:101]
INFO: [Synth 8-226] default block is never used [D:/work/26_AI_COMP_1/2026_07_22/2026_07_22.srcs/sources_1/imports/new/fnd_controller.v:106]
INFO: [Synth 8-6155] done synthesizing module 'decoder_2x4' (4#1) [D:/work/26_AI_COMP_1/2026_07_22/2026_07_22.srcs/sources_1/imports/new/fnd_controller.v:101]
INFO: [Synth 8-6157] synthesizing module 'digit_spliter' [D:/work/26_AI_COMP_1/2026_07_22/2026_07_22.srcs/sources_1/imports/new/fnd_controller.v:132]
INFO: [Synth 8-6155] done synthesizing module 'digit_spliter' (5#1) [D:/work/26_AI_COMP_1/2026_07_22/2026_07_22.srcs/sources_1/imports/new/fnd_controller.v:132]
INFO: [Synth 8-6157] synthesizing module 'mux_4x1' [D:/work/26_AI_COMP_1/2026_07_22/2026_07_22.srcs/sources_1/imports/new/fnd_controller.v:117]
INFO: [Synth 8-6155] done synthesizing module 'mux_4x1' (6#1) [D:/work/26_AI_COMP_1/2026_07_22/2026_07_22.srcs/sources_1/imports/new/fnd_controller.v:117]
INFO: [Synth 8-6157] synthesizing module 'bcd' [D:/work/26_AI_COMP_1/2026_07_22/2026_07_22.srcs/sources_1/imports/new/fnd_controller.v:147]
INFO: [Synth 8-6155] done synthesizing module 'bcd' (7#1) [D:/work/26_AI_COMP_1/2026_07_22/2026_07_22.srcs/sources_1/imports/new/fnd_controller.v:147]
INFO: [Synth 8-6157] synthesizing module 'clk_div' [D:/work/26_AI_COMP_1/2026_07_22/2026_07_22.srcs/sources_1/imports/new/fnd_controller.v:57]
INFO: [Synth 8-6155] done synthesizing module 'clk_div' (8#1) [D:/work/26_AI_COMP_1/2026_07_22/2026_07_22.srcs/sources_1/imports/new/fnd_controller.v:57]
INFO: [Synth 8-6157] synthesizing module 'counter_4' [D:/work/26_AI_COMP_1/2026_07_22/2026_07_22.srcs/sources_1/imports/new/fnd_controller.v:83]
INFO: [Synth 8-6155] done synthesizing module 'counter_4' (9#1) [D:/work/26_AI_COMP_1/2026_07_22/2026_07_22.srcs/sources_1/imports/new/fnd_controller.v:83]
INFO: [Synth 8-6155] done synthesizing module 'fnd_controller' (10#1) [D:/work/26_AI_COMP_1/2026_07_22/2026_07_22.srcs/sources_1/imports/new/fnd_controller.v:5]
INFO: [Synth 8-6155] done synthesizing module 'top_counter_10000' (11#1) [D:/work/26_AI_COMP_1/2026_07_22/2026_07_22.srcs/sources_1/new/counter_10000.v:3]
---------------------------------------------------------------------------------
Finished RTL Elaboration : Time (s): cpu = 00:00:03 ; elapsed = 00:00:03 . Memory (MB): peak = 1106.141 ; gain = 0.000
---------------------------------------------------------------------------------
---------------------------------------------------------------------------------
Start Handling Custom Attributes
---------------------------------------------------------------------------------
---------------------------------------------------------------------------------
Finished Handling Custom Attributes : Time (s): cpu = 00:00:03 ; elapsed = 00:00:04 . Memory (MB): peak = 1106.141 ; gain = 0.000
---------------------------------------------------------------------------------
---------------------------------------------------------------------------------
Finished RTL Optimization Phase 1 : Time (s): cpu = 00:00:03 ; elapsed = 00:00:04 . Memory (MB): peak = 1106.141 ; gain = 0.000
---------------------------------------------------------------------------------
Netlist sorting complete. Time (s): cpu = 00:00:00 ; elapsed = 00:00:00.002 . Memory (MB): peak = 1106.141 ; gain = 0.000
INFO: [Project 1-570] Preparing netlist for logic optimization

Processing XDC Constraints
Initializing timing engine
Parsing XDC File [D:/work/26_AI_COMP_1/2026_07_22/2026_07_22.srcs/constrs_1/imports/new/new.xdc]
Finished Parsing XDC File [D:/work/26_AI_COMP_1/2026_07_22/2026_07_22.srcs/constrs_1/imports/new/new.xdc]
INFO: [Project 1-236] Implementation specific constraints were found while reading constraint file [D:/work/26_AI_COMP_1/2026_07_22/2026_07_22.srcs/constrs_1/imports/new/new.xdc]. These constraints will be ignored for synthesis but will be used in implementation. Impacted constraints are listed in the file [.Xil/top_counter_10000_propImpl.xdc].
Resolution: To avoid this warning, move constraints listed in [.Xil/top_counter_10000_propImpl.xdc] to another XDC file and exclude this new file from synthesis with the used_in_synthesis property (File Properties dialog in GUI) and re-run elaboration/synthesis.
Completed Processing XDC Constraints

Netlist sorting complete. Time (s): cpu = 00:00:00 ; elapsed = 00:00:00 . Memory (MB): peak = 1177.262 ; gain = 0.000
INFO: [Project 1-111] Unisim Transformation Summary:
No Unisim elements were transformed.

Constraint Validation Runtime : Time (s): cpu = 00:00:00 ; elapsed = 00:00:00.002 . Memory (MB): peak = 1177.262 ; gain = 0.000
---------------------------------------------------------------------------------
Finished Constraint Validation : Time (s): cpu = 00:00:07 ; elapsed = 00:00:08 . Memory (MB): peak = 1177.262 ; gain = 71.121
---------------------------------------------------------------------------------
---------------------------------------------------------------------------------
Start Loading Part and Timing Information
---------------------------------------------------------------------------------
Loading part: xc7a35tcpg236-1
---------------------------------------------------------------------------------
Finished Loading Part and Timing Information : Time (s): cpu = 00:00:07 ; elapsed = 00:00:08 . Memory (MB): peak = 1177.262 ; gain = 71.121
---------------------------------------------------------------------------------
---------------------------------------------------------------------------------
Start Applying 'set_property' XDC Constraints
---------------------------------------------------------------------------------
---------------------------------------------------------------------------------
Finished applying 'set_property' XDC Constraints : Time (s): cpu = 00:00:07 ; elapsed = 00:00:08 . Memory (MB): peak = 1177.262 ; gain = 71.121
---------------------------------------------------------------------------------
---------------------------------------------------------------------------------
Finished RTL Optimization Phase 2 : Time (s): cpu = 00:00:07 ; elapsed = 00:00:08 . Memory (MB): peak = 1177.262 ; gain = 71.121
---------------------------------------------------------------------------------
---------------------------------------------------------------------------------
Start RTL Component Statistics 
---------------------------------------------------------------------------------
Detailed RTL Component Info : 
+---Adders : 
	   2 Input   20 Bit       Adders := 1     
	   2 Input   16 Bit       Adders := 1     
	   2 Input   14 Bit       Adders := 1     
	   2 Input    2 Bit       Adders := 1     
+---Registers : 
	               20 Bit    Registers := 1     
	               16 Bit    Registers := 1     
	               14 Bit    Registers := 1     
	                2 Bit    Registers := 1     
	                1 Bit    Registers := 2     
+---Muxes : 
	   2 Input   20 Bit        Muxes := 1     
	   2 Input   14 Bit        Muxes := 2     
	   3 Input   14 Bit        Muxes := 1     
	   4 Input    4 Bit        Muxes := 1     
	   5 Input    4 Bit        Muxes := 1     
	   3 Input    2 Bit        Muxes := 1     
	   2 Input    1 Bit        Muxes := 1     
---------------------------------------------------------------------------------
Finished RTL Component Statistics 
---------------------------------------------------------------------------------
---------------------------------------------------------------------------------
Start Part Resource Summary
---------------------------------------------------------------------------------
Part Resources:
DSPs: 90 (col length:60)
BRAMs: 100 (col length: RAMB18 60 RAMB36 30)
---------------------------------------------------------------------------------
Finished Part Resource Summary
---------------------------------------------------------------------------------
---------------------------------------------------------------------------------
Start Cross Boundary and Area Optimization
---------------------------------------------------------------------------------
---------------------------------------------------------------------------------
Finished Cross Boundary and Area Optimization : Time (s): cpu = 00:00:11 ; elapsed = 00:00:13 . Memory (MB): peak = 1177.262 ; gain = 71.121
---------------------------------------------------------------------------------
---------------------------------------------------------------------------------
Start Applying XDC Timing Constraints
---------------------------------------------------------------------------------
---------------------------------------------------------------------------------
Finished Applying XDC Timing Constraints : Time (s): cpu = 00:00:15 ; elapsed = 00:00:16 . Memory (MB): peak = 1177.262 ; gain = 71.121
---------------------------------------------------------------------------------
---------------------------------------------------------------------------------
Start Timing Optimization
---------------------------------------------------------------------------------
---------------------------------------------------------------------------------
Finished Timing Optimization : Time (s): cpu = 00:00:17 ; elapsed = 00:00:19 . Memory (MB): peak = 1262.922 ; gain = 156.781
---------------------------------------------------------------------------------
---------------------------------------------------------------------------------
Start Technology Mapping
---------------------------------------------------------------------------------
---------------------------------------------------------------------------------
Finished Technology Mapping : Time (s): cpu = 00:00:17 ; elapsed = 00:00:19 . Memory (MB): peak = 1263.953 ; gain = 157.813
---------------------------------------------------------------------------------
---------------------------------------------------------------------------------
Start IO Insertion
---------------------------------------------------------------------------------
---------------------------------------------------------------------------------
Start Flattening Before IO Insertion
---------------------------------------------------------------------------------
---------------------------------------------------------------------------------
Finished Flattening Before IO Insertion
---------------------------------------------------------------------------------
---------------------------------------------------------------------------------
Start Final Netlist Cleanup
---------------------------------------------------------------------------------
---------------------------------------------------------------------------------
Finished Final Netlist Cleanup
---------------------------------------------------------------------------------
---------------------------------------------------------------------------------
Finished IO Insertion : Time (s): cpu = 00:00:19 ; elapsed = 00:00:21 . Memory (MB): peak = 1263.953 ; gain = 157.813
---------------------------------------------------------------------------------
---------------------------------------------------------------------------------
Start Renaming Generated Instances
---------------------------------------------------------------------------------
---------------------------------------------------------------------------------
Finished Renaming Generated Instances : Time (s): cpu = 00:00:19 ; elapsed = 00:00:21 . Memory (MB): peak = 1263.953 ; gain = 157.813
---------------------------------------------------------------------------------
---------------------------------------------------------------------------------
Start Rebuilding User Hierarchy
---------------------------------------------------------------------------------
---------------------------------------------------------------------------------
Finished Rebuilding User Hierarchy : Time (s): cpu = 00:00:19 ; elapsed = 00:00:21 . Memory (MB): peak = 1263.953 ; gain = 157.813
---------------------------------------------------------------------------------
---------------------------------------------------------------------------------
Start Renaming Generated Ports
---------------------------------------------------------------------------------
---------------------------------------------------------------------------------
Finished Renaming Generated Ports : Time (s): cpu = 00:00:19 ; elapsed = 00:00:21 . Memory (MB): peak = 1263.953 ; gain = 157.813
---------------------------------------------------------------------------------
---------------------------------------------------------------------------------
Start Handling Custom Attributes
---------------------------------------------------------------------------------
---------------------------------------------------------------------------------
Finished Handling Custom Attributes : Time (s): cpu = 00:00:19 ; elapsed = 00:00:21 . Memory (MB): peak = 1263.953 ; gain = 157.813
---------------------------------------------------------------------------------
---------------------------------------------------------------------------------
Start Renaming Generated Nets
---------------------------------------------------------------------------------
---------------------------------------------------------------------------------
Finished Renaming Generated Nets : Time (s): cpu = 00:00:19 ; elapsed = 00:00:21 . Memory (MB): peak = 1263.953 ; gain = 157.813
---------------------------------------------------------------------------------
---------------------------------------------------------------------------------
Start Writing Synthesis Report
---------------------------------------------------------------------------------

Report BlackBoxes: 
+-+--------------+----------+
| |BlackBox name |Instances |
+-+--------------+----------+
+-+--------------+----------+

Report Cell Usage: 
+------+-------+------+
|      |Cell   |Count |
+------+-------+------+
|1     |BUFG   |     1|
|2     |CARRY4 |    33|
|3     |LUT1   |     3|
|4     |LUT2   |    55|
|5     |LUT3   |    55|
|6     |LUT4   |    51|
|7     |LUT5   |    53|
|8     |LUT6   |    97|
|9     |FDCE   |    54|
|10    |FDPE   |     8|
|11    |LDC    |     1|
|12    |IBUF   |     3|
|13    |OBUF   |    12|
+------+-------+------+
---------------------------------------------------------------------------------
Finished Writing Synthesis Report : Time (s): cpu = 00:00:19 ; elapsed = 00:00:21 . Memory (MB): peak = 1263.953 ; gain = 157.813
---------------------------------------------------------------------------------
Synthesis finished with 0 errors, 0 critical warnings and 0 warnings.
Synthesis Optimization Runtime : Time (s): cpu = 00:00:15 ; elapsed = 00:00:19 . Memory (MB): peak = 1263.953 ; gain = 86.691
Synthesis Optimization Complete : Time (s): cpu = 00:00:19 ; elapsed = 00:00:21 . Memory (MB): peak = 1263.953 ; gain = 157.813
INFO: [Project 1-571] Translating synthesized netlist
Netlist sorting complete. Time (s): cpu = 00:00:00 ; elapsed = 00:00:00.007 . Memory (MB): peak = 1263.953 ; gain = 0.000
INFO: [Netlist 29-17] Analyzing 34 Unisim elements for replacement
INFO: [Netlist 29-28] Unisim Transformation completed in 0 CPU seconds
INFO: [Project 1-570] Preparing netlist for logic optimization
INFO: [Opt 31-138] Pushed 0 inverter(s) to 0 load pin(s).
Netlist sorting complete. Time (s): cpu = 00:00:00 ; elapsed = 00:00:00 . Memory (MB): peak = 1263.953 ; gain = 0.000
INFO: [Project 1-111] Unisim Transformation Summary:
  A total of 1 instances were transformed.
  LDC => LDCE: 1 instance 

INFO: [Common 17-83] Releasing license: Synthesis
38 Infos, 0 Warnings, 0 Critical Warnings and 0 Errors encountered.
synth_design completed successfully
synth_design: Time (s): cpu = 00:00:23 ; elapsed = 00:00:25 . Memory (MB): peak = 1263.953 ; gain = 157.813
INFO: [Common 17-1381] The checkpoint 'D:/work/26_AI_COMP_1/2026_07_22/2026_07_22.runs/synth_1/top_counter_10000.dcp' has been generated.
INFO: [runtcl-4] Executing : report_utilization -file top_counter_10000_utilization_synth.rpt -pb top_counter_10000_utilization_synth.pb
INFO: [Common 17-206] Exiting Vivado at Thu Jul 23 09:11:38 2026...
