#-----------------------------------------------------------
# Vivado v2020.2 (64-bit)
# SW Build 3064766 on Wed Nov 18 09:12:45 MST 2020
# IP Build 3064653 on Wed Nov 18 14:17:31 MST 2020
# Start of session at: Tue Jul 21 21:22:32 2026
# Process ID: 14676
# Current directory: D:/work/26_AI_COMP_1/2026_07_21_adder_fnd
# Command line: vivado.exe -gui_launcher_event rodinguilauncherevent10184 D:\work\26_AI_COMP_1\2026_07_21_adder_fnd\2026_07_21_adder_fnd.xpr
# Log file: D:/work/26_AI_COMP_1/2026_07_21_adder_fnd/vivado.log
# Journal file: D:/work/26_AI_COMP_1/2026_07_21_adder_fnd\vivado.jou
#-----------------------------------------------------------
start_gui
open_project D:/work/26_AI_COMP_1/2026_07_21_adder_fnd/2026_07_21_adder_fnd.xpr
WARNING: [filemgmt 56-3] Default IP Output Path : Could not find the directory 'D:/work/26_AI_COMP_1/2026_07_21_adder_fnd/2026_07_21_adder_fnd.gen/sources_1'.
CRITICAL WARNING: [Project 1-19] Could not find the file 'D:/26ai_camp/2026_07_20_adder_fnd/2026_07_20_adder_fnd.srcs/sources_1/new/fnd_controller.v'.
CRITICAL WARNING: [Project 1-19] Could not find the file 'D:/26ai_camp/2026_07_20_adder_fnd/2026_07_20_adder_fnd.srcs/sources_1/imports/new/adder_practice.v'.
Scanning sources...
Finished scanning sources
INFO: [IP_Flow 19-234] Refreshing IP repositories
INFO: [IP_Flow 19-1704] No user IP repositories specified
INFO: [IP_Flow 19-2313] Loaded Vivado IP repository 'C:/Xilinx/Vivado/2020.2/data/ip'.
update_compile_order -fileset sources_1
exit
INFO: [Common 17-206] Exiting Vivado at Tue Jul 21 21:28:41 2026...
