#-----------------------------------------------------------
# Vivado v2020.2 (64-bit)
# SW Build 3064766 on Wed Nov 18 09:12:45 MST 2020
# IP Build 3064653 on Wed Nov 18 14:17:31 MST 2020
# Start of session at: Tue Jul 21 18:40:16 2026
# Process ID: 10056
# Current directory: C:/Users/kccistc/Desktop/2026_07_21_adder_fnd
# Command line: vivado.exe -gui_launcher_event rodinguilauncherevent4852 C:\Users\kccistc\Desktop\2026_07_21_adder_fnd\2026_07_21_adder_fnd.xpr
# Log file: C:/Users/kccistc/Desktop/2026_07_21_adder_fnd/vivado.log
# Journal file: C:/Users/kccistc/Desktop/2026_07_21_adder_fnd\vivado.jou
#-----------------------------------------------------------
start_gui
open_project C:/Users/kccistc/Desktop/2026_07_21_adder_fnd/2026_07_21_adder_fnd.xpr
INFO: [Project 1-313] Project file moved from 'D:/26ai_camp/2026_07_21_adder_fnd' since last save.
WARNING: [filemgmt 56-2] Default IP Output Path : Could not find the directory 'C:/Users/kccistc/Desktop/2026_07_21_adder_fnd/2026_07_21_adder_fnd.gen/sources_1', nor could it be found using path 'D:/26ai_camp/2026_07_21_adder_fnd/2026_07_21_adder_fnd.gen/sources_1'.
WARNING: [Project 1-312] File not found as 'C:/Users/kccistc/Desktop/2026_07_20_adder_fnd/2026_07_20_adder_fnd.srcs/sources_1/new/fnd_controller.v'; using path 'D:/26ai_camp/2026_07_20_adder_fnd/2026_07_20_adder_fnd.srcs/sources_1/new/fnd_controller.v' instead.
WARNING: [Project 1-312] File not found as 'C:/Users/kccistc/Desktop/2026_07_20_adder_fnd/2026_07_20_adder_fnd.srcs/sources_1/imports/new/adder_practice.v'; using path 'D:/26ai_camp/2026_07_20_adder_fnd/2026_07_20_adder_fnd.srcs/sources_1/imports/new/adder_practice.v' instead.
Scanning sources...
Finished scanning sources
WARNING: [Project 1-312] File not found as 'C:/Users/kccistc/Desktop/2026_07_20_adder_fnd/2026_07_20_adder_fnd.srcs/sources_1/new/fnd_controller.v'; using path 'D:/26ai_camp/2026_07_20_adder_fnd/2026_07_20_adder_fnd.srcs/sources_1/new/fnd_controller.v' instead.
WARNING: [Project 1-312] File not found as 'C:/Users/kccistc/Desktop/2026_07_20_adder_fnd/2026_07_20_adder_fnd.srcs/sources_1/imports/new/adder_practice.v'; using path 'D:/26ai_camp/2026_07_20_adder_fnd/2026_07_20_adder_fnd.srcs/sources_1/imports/new/adder_practice.v' instead.
WARNING: [Project 1-312] File not found as 'C:/Users/kccistc/Desktop/2026_07_20_adder_fnd/2026_07_20_adder_fnd.srcs/sources_1/new/fnd_controller.v'; using path 'D:/26ai_camp/2026_07_20_adder_fnd/2026_07_20_adder_fnd.srcs/sources_1/new/fnd_controller.v' instead.
WARNING: [Project 1-312] File not found as 'C:/Users/kccistc/Desktop/2026_07_20_adder_fnd/2026_07_20_adder_fnd.srcs/sources_1/imports/new/adder_practice.v'; using path 'D:/26ai_camp/2026_07_20_adder_fnd/2026_07_20_adder_fnd.srcs/sources_1/imports/new/adder_practice.v' instead.
INFO: [IP_Flow 19-234] Refreshing IP repositories
INFO: [IP_Flow 19-1704] No user IP repositories specified
INFO: [IP_Flow 19-2313] Loaded Vivado IP repository 'C:/Xilinx/Vivado/2020.2/data/ip'.
