#
# A fatal error has been detected by the Java Runtime Environment:
#
#  EXCEPTION_ACCESS_VIOLATION (0xc0000005) at pc=0x00007ffc26b69670, pid=17584, tid=13484
#
# JRE version: OpenJDK Runtime Environment (11.0.2+9) (build 11.0.2+9)
# Java VM: OpenJDK 64-Bit Server VM (11.0.2+9, mixed mode, tiered, compressed oops, g1 gc, windows-amd64)
# Problematic frame:
# C  0x00007ffc26b69670
#
# No core dump will be written. Minidumps are not enabled by default on client versions of Windows
#
# If you would like to submit a bug report, please visit:
#   http://bugreport.java.com/bugreport/crash.jsp
# The crash happened outside the Java Virtual Machine in native code.
# See problematic frame for where to report the bug.
#

---------------  S U M M A R Y ------------

Command Line: -Dsun.java2d.pmoffscreen=false -Dhttps.protocols=TLSv1,TLSv1.1,TLSv1.2 -Dsun.java2d.xrender=false -Dsun.java2d.d3d=false -Dsun.awt.nopixfmt=true -Dsun.java2d.dpiaware=true -Dsun.java2d.uiScale.enabled=false -Xverify:none -Dswing.aatext=true -XX:-UsePerfData -Djdk.map.althashing.threshold=512 -XX:StringTableSize=4072 --add-opens=java.base/java.nio=ALL-UNNAMED --add-opens=java.desktop/sun.swing=ALL-UNNAMED --add-opens=java.desktop/javax.swing=ALL-UNNAMED --add-opens=java.desktop/javax.swing.tree=ALL-UNNAMED --add-opens=java.desktop/javax.swing.plaf.basic=ALL-UNNAMED --add-opens=java.desktop/javax.swing.plaf.synth=ALL-UNNAMED --add-opens=java.desktop/com.sun.awt=ALL-UNNAMED -XX:NewSize=60m -XX:MaxNewSize=60m -Xms128m -Xmx3072m -Xss5m 

Host: 12th Gen Intel(R) Core(TM) i7-1260P, 16 cores, 15G,  Windows 10 , 64 bit Build 26100 (10.0.26100.8875)
Time: Thu Jul 23 12:11:19 2026 대한민국 표준시 elapsed time: 828 seconds (0d 0h 13m 48s)

---------------  T H R E A D  ---------------

Current thread (0x0000014423caa800):  JavaThread "AWT-EventQueue-0" [_thread_in_native, id=13484, stack(0x00000012dd100000,0x00000012dd600000)]

Stack: [0x00000012dd100000,0x00000012dd600000],  sp=0x00000012dd5f3198,  free space=5068k
Native frames: (J=compiled Java code, j=interpreted, Vv=VM code, C=native code)
C  0x00007ffc26b69670

Java frames: (J=compiled Java code, j=interpreted, Vv=VM code)
J 20638  ui.views.waveform.waveformi.WVExecutive_getGraphicsDataSize(J)J (0 bytes) @ 0x0000014434928b11 [0x0000014434928ac0+0x0000000000000051]
J 20637 c1 ui.views.waveform.executive.a.klK()Ljava/io/ByteArrayInputStream; (93 bytes) @ 0x000001442f04eeac [0x000001442f04edc0+0x00000000000000ec]
J 21130 c1 ui.views.waveform.b.a.klh()V (144 bytes) @ 0x000001442c7004b4 [0x000001442c700420+0x0000000000000094]
J 20629 c1 ui.views.waveform.w.aH(ZZ)V (48 bytes) @ 0x000001442f046b64 [0x000001442f046660+0x0000000000000504]
J 19816 c1 ui.views.waveform.c.b.j(Lui/frmwork/a/l;)V (605 bytes) @ 0x000001442d6524ec [0x000001442d649980+0x0000000000008b6c]
J 19815 c1 ui.views.waveform.w.handleTclEvent(Lui/frmwork/a/l;)V (17 bytes) @ 0x000001442c79663c [0x000001442c796560+0x00000000000000dc]
J 14658 c1 ui.frmwork.a.o.c(Lui/frmwork/a/l;)V (61 bytes) @ 0x000001442e250a0c [0x000001442e250060+0x00000000000009ac]
J 21459 c2 ui.frmwork.E.i(JZ)V (471 bytes) @ 0x00000144345955e0 [0x0000014434593a60+0x0000000000001b80]
J 14638 c1 ui.frmwork.E.fireTclEvent(J)I (113 bytes) @ 0x000001442e223a14 [0x000001442e223240+0x00000000000007d4]
v  ~StubRoutines::call_stub
J 20944  ui.views.waveform.waveformi.WVExecutive_processModelEvent(JJ)V (0 bytes) @ 0x0000014433944894 [0x0000014433944840+0x0000000000000054]
J 21110 c1 ui.views.waveform.c.b.ga(J)V (109 bytes) @ 0x000001442c44fb6c [0x000001442c44faa0+0x00000000000000cc]
J 19816 c1 ui.views.waveform.c.b.j(Lui/frmwork/a/l;)V (605 bytes) @ 0x000001442d653284 [0x000001442d649980+0x0000000000009904]
J 19815 c1 ui.views.waveform.w.handleTclEvent(Lui/frmwork/a/l;)V (17 bytes) @ 0x000001442c79663c [0x000001442c796560+0x00000000000000dc]
J 14658 c1 ui.frmwork.a.o.c(Lui/frmwork/a/l;)V (61 bytes) @ 0x000001442e250a0c [0x000001442e250060+0x00000000000009ac]
J 21459 c2 ui.frmwork.E.i(JZ)V (471 bytes) @ 0x00000144345955e0 [0x0000014434593a60+0x0000000000001b80]
J 14638 c1 ui.frmwork.E.fireTclEvent(J)I (113 bytes) @ 0x000001442e223a14 [0x000001442e223240+0x00000000000007d4]
v  ~StubRoutines::call_stub
J 20944  ui.views.waveform.waveformi.WVExecutive_processModelEvent(JJ)V (0 bytes) @ 0x0000014433944894 [0x0000014433944840+0x0000000000000054]
J 21110 c1 ui.views.waveform.c.b.ga(J)V (109 bytes) @ 0x000001442c44fb6c [0x000001442c44faa0+0x00000000000000cc]
j  ui.views.waveform.c.e.actionPerformed(Ljava/awt/event/ActionEvent;)V+8
J 20694 c2 javax.swing.Timer.fireActionPerformed(Ljava/awt/event/ActionEvent;)V java.desktop@11.0.2 (46 bytes) @ 0x000001443493aee0 [0x000001443493adc0+0x0000000000000120]
J 20693 c2 javax.swing.Timer$DoPostEvent.run()V java.desktop@11.0.2 (82 bytes) @ 0x000001443493a6d8 [0x000001443493a3e0+0x00000000000002f8]
J 15628 c2 java.awt.event.InvocationEvent.dispatch()V java.desktop@11.0.2 (69 bytes) @ 0x0000014434396218 [0x00000144343961c0+0x0000000000000058]
J 15462 c2 java.awt.EventQueue$4.run()Ljava/lang/Object; java.desktop@11.0.2 (5 bytes) @ 0x000001443437901c [0x0000014434378f60+0x00000000000000bc]
v  ~StubRoutines::call_stub
J 4670  java.security.AccessController.doPrivileged(Ljava/security/PrivilegedAction;Ljava/security/AccessControlContext;)Ljava/lang/Object; java.base@11.0.2 (0 bytes) @ 0x000001443391dcb6 [0x000001443391dc40+0x0000000000000076]
J 15460 c2 java.awt.EventQueue.dispatchEvent(Ljava/awt/AWTEvent;)V java.desktop@11.0.2 (80 bytes) @ 0x0000014434379c4c [0x00000144343796c0+0x000000000000058c]
J 18010 c2 ui.frmwork.a.d.dispatchEvent(Ljava/awt/AWTEvent;)V (42 bytes) @ 0x00000144346303b0 [0x00000144346302a0+0x0000000000000110]
J 15640 c2 java.awt.EventDispatchThread.pumpOneEventForFilters(I)V java.desktop@11.0.2 (113 bytes) @ 0x00000144343a1da4 [0x00000144343a1c40+0x0000000000000164]
J 21382 c1 java.awt.EventDispatchThread.pumpEventsForFilter(ILjava/awt/Conditional;Ljava/awt/EventFilter;)V java.desktop@11.0.2 (47 bytes) @ 0x000001442c661ca4 [0x000001442c6619a0+0x0000000000000304]
j  java.awt.EventDispatchThread.pumpEventsForFilter(Ljava/awt/Conditional;Ljava/awt/EventFilter;)V+4 java.desktop@11.0.2
j  java.awt.WaitDispatchSupport$2.run()V+59 java.desktop@11.0.2
j  java.awt.WaitDispatchSupport$4.run()Ljava/lang/Void;+4 java.desktop@11.0.2
j  java.awt.WaitDispatchSupport$4.run()Ljava/lang/Object;+1 java.desktop@11.0.2
v  ~StubRoutines::call_stub
J 1082  java.security.AccessController.doPrivileged(Ljava/security/PrivilegedAction;)Ljava/lang/Object; java.base@11.0.2 (0 bytes) @ 0x00000144336b6422 [0x00000144336b63c0+0x0000000000000062]
j  java.awt.WaitDispatchSupport.enter()Z+260 java.desktop@11.0.2
j  java.awt.Dialog.show()V+224 java.desktop@11.0.2
J 7497 c1 java.awt.Component.setVisible(Z)V java.desktop@11.0.2 (6 bytes) @ 0x000001442d36eae4 [0x000001442d36e8e0+0x0000000000000204]
j  java.awt.Window.setVisible(Z)V+2 java.desktop@11.0.2
j  java.awt.Dialog.setVisible(Z)V+2 java.desktop@11.0.2
j  ui.dlg.c.g.setVisible(Z)V+2
j  ui.dlg.c.bz.bIi()V+64
j  ui.dlg.c.bI.actionPerformed(Ljava/awt/event/ActionEvent;)V+8
j  ui.dlg.c.bz.fud()V+388
j  ui.views.c.t.b.a.run()V+60
j  ui.frmwork.cmd.a.hsT()Z+66
j  ui.frmwork.cmd.d.htb()V+42
j  ui.bm.actionPerformed(Ljava/awt/event/ActionEvent;)V+25
j  javax.swing.AbstractButton.fireActionPerformed(Ljava/awt/event/ActionEvent;)V+83 java.desktop@11.0.2
j  ui.utils.swing.b.E.fireActionPerformed(Ljava/awt/event/ActionEvent;)V+7
j  javax.swing.AbstractButton$Handler.actionPerformed(Ljava/awt/event/ActionEvent;)V+5 java.desktop@11.0.2
j  javax.swing.DefaultButtonModel.fireActionPerformed(Ljava/awt/event/ActionEvent;)V+34 java.desktop@11.0.2
j  javax.swing.DefaultButtonModel.setPressed(Z)V+117 java.desktop@11.0.2
j  javax.swing.plaf.basic.BasicButtonListener.mouseReleased(Ljava/awt/event/MouseEvent;)V+35 java.desktop@11.0.2
j  com.jidesoft.plaf.basic.BasicJideButtonListener.mouseReleased(Ljava/awt/event/MouseEvent;)V+61
J 19603 c1 java.awt.AWTEventMulticaster.mouseReleased(Ljava/awt/event/MouseEvent;)V java.desktop@11.0.2 (27 bytes) @ 0x000001442c214eac [0x000001442c214c80+0x000000000000022c]
J 19603 c1 java.awt.AWTEventMulticaster.mouseReleased(Ljava/awt/event/MouseEvent;)V java.desktop@11.0.2 (27 bytes) @ 0x000001442c214eac [0x000001442c214c80+0x000000000000022c]
J 19603 c1 java.awt.AWTEventMulticaster.mouseReleased(Ljava/awt/event/MouseEvent;)V java.desktop@11.0.2 (27 bytes) @ 0x000001442c214eac [0x000001442c214c80+0x000000000000022c]
J 19603 c1 java.awt.AWTEventMulticaster.mouseReleased(Ljava/awt/event/MouseEvent;)V java.desktop@11.0.2 (27 bytes) @ 0x000001442c214eac [0x000001442c214c80+0x000000000000022c]
J 17467 c1 java.awt.Component.processMouseEvent(Ljava/awt/event/MouseEvent;)V java.desktop@11.0.2 (100 bytes) @ 0x000001442e9706bc [0x000001442e970240+0x000000000000047c]
J 17483 c1 javax.swing.JComponent.processMouseEvent(Ljava/awt/event/MouseEvent;)V java.desktop@11.0.2 (27 bytes) @ 0x000001442e98de74 [0x000001442e98dc60+0x0000000000000214]
J 19155 c2 java.awt.Container.processEvent(Ljava/awt/AWTEvent;)V java.desktop@11.0.2 (22 bytes) @ 0x000001443474d4a8 [0x000001443474d240+0x0000000000000268]
J 19735 c2 java.awt.Component.dispatchEventImpl(Ljava/awt/AWTEvent;)V java.desktop@11.0.2 (777 bytes) @ 0x000001443400577c [0x0000014434004f00+0x000000000000087c]
J 16857 c2 java.awt.Container.dispatchEventImpl(Ljava/awt/AWTEvent;)V java.desktop@11.0.2 (129 bytes) @ 0x00000144344cd098 [0x00000144344cd040+0x0000000000000058]
J 17784 c2 java.awt.LightweightDispatcher.retargetMouseEvent(Ljava/awt/Component;ILjava/awt/event/MouseEvent;)V java.desktop@11.0.2 (372 bytes) @ 0x00000144346047dc [0x0000014434604240+0x000000000000059c]
J 21134 c2 java.awt.LightweightDispatcher.processMouseEvent(Ljava/awt/event/MouseEvent;)Z java.desktop@11.0.2 (265 bytes) @ 0x0000014433d9d120 [0x0000014433d9c660+0x0000000000000ac0]
J 16857 c2 java.awt.Container.dispatchEventImpl(Ljava/awt/AWTEvent;)V java.desktop@11.0.2 (129 bytes) @ 0x00000144344cd3a8 [0x00000144344cd040+0x0000000000000368]
J 21669 c1 java.awt.Window.dispatchEventImpl(Ljava/awt/AWTEvent;)V java.desktop@11.0.2 (23 bytes) @ 0x000001442cb82a4c [0x000001442cb82420+0x000000000000062c]
J 15462 c2 java.awt.EventQueue$4.run()Ljava/lang/Object; java.desktop@11.0.2 (5 bytes) @ 0x00000144343790ac [0x0000014434378f60+0x000000000000014c]
v  ~StubRoutines::call_stub
J 4670  java.security.AccessController.doPrivileged(Ljava/security/PrivilegedAction;Ljava/security/AccessControlContext;)Ljava/lang/Object; java.base@11.0.2 (0 bytes) @ 0x000001443391dcb6 [0x000001443391dc40+0x0000000000000076]
J 18511 c2 java.awt.EventQueue$5.run()Ljava/lang/Object; java.desktop@11.0.2 (5 bytes) @ 0x0000014434672274 [0x0000014434672000+0x0000000000000274]
v  ~StubRoutines::call_stub
J 4670  java.security.AccessController.doPrivileged(Ljava/security/PrivilegedAction;Ljava/security/AccessControlContext;)Ljava/lang/Object; java.base@11.0.2 (0 bytes) @ 0x000001443391dcb6 [0x000001443391dc40+0x0000000000000076]
J 15460 c2 java.awt.EventQueue.dispatchEvent(Ljava/awt/AWTEvent;)V java.desktop@11.0.2 (80 bytes) @ 0x0000014434379a68 [0x00000144343796c0+0x00000000000003a8]
J 18010 c2 ui.frmwork.a.d.dispatchEvent(Ljava/awt/AWTEvent;)V (42 bytes) @ 0x00000144346303b0 [0x00000144346302a0+0x0000000000000110]
J 15640 c2 java.awt.EventDispatchThread.pumpOneEventForFilters(I)V java.desktop@11.0.2 (113 bytes) @ 0x00000144343a1da4 [0x00000144343a1c40+0x0000000000000164]
J 21359% c1 java.awt.EventDispatchThread.pumpEventsForFilter(ILjava/awt/Conditional;Ljava/awt/EventFilter;)V java.desktop@11.0.2 (47 bytes) @ 0x000001442c66b8f4 [0x000001442c66b5a0+0x0000000000000354]
j  java.awt.EventDispatchThread.pumpEventsForHierarchy(ILjava/awt/Conditional;Ljava/awt/Component;)V+11 java.desktop@11.0.2
j  java.awt.EventDispatchThread.pumpEvents(ILjava/awt/Conditional;)V+4 java.desktop@11.0.2
j  java.awt.EventDispatchThread.pumpEvents(Ljava/awt/Conditional;)V+3 java.desktop@11.0.2
j  java.awt.EventDispatchThread.run()V+9 java.desktop@11.0.2
v  ~StubRoutines::call_stub

siginfo: EXCEPTION_ACCESS_VIOLATION (0xc0000005), data execution prevention violation at address 0x00007ffc26b69670


Register to memory mapping:

RIP=0x00007ffc26b69670 points into unknown readable memory: 01 00 00 00 00 00 00 00
RAX=0x00007ffc26b10720 points into unknown readable memory: 00 88 77 26 fc 7f 00 00
RBX=0x0000000000000001 is an unknown value
RCX=0x000001443ab0fc30 points into unknown readable memory: 20 07 b1 26 fc 7f 00 00
RDX=0x000001440edb6cf0 points into unknown readable memory: e0 85 63 50 fc 7f 00 00
RSP=0x00000012dd5f3198 is pointing into the stack for thread: 0x0000014423caa800
RBP=0x00000012dd5f3390 is pointing into the stack for thread: 0x0000014423caa800
RSI=0x00000144247a11c0 points into unknown readable memory: 30 07 b1 26 fc 7f 00 00
RDI=0x000001443ab0fc30 points into unknown readable memory: 20 07 b1 26 fc 7f 00 00
R8 =0x00000012dd5f3380 is pointing into the stack for thread: 0x0000014423caa800
R9 =0x00000012dd5f33c0 is pointing into the stack for thread: 0x0000014423caa800
R10=0x0 is NULL
R11=0x000001444e7dd5f0 points into unknown readable memory: c0 11 7a 24 44 01 00 00
R12=0x00000012dd5f3380 is pointing into the stack for thread: 0x0000014423caa800
R13=0x00000012dd5f33c0 is pointing into the stack for thread: 0x0000014423caa800
R14=0x00000012dd5f3498 is pointing into the stack for thread: 0x0000014423caa800
R15=0x000001440edb6cf0 points into unknown readable memory: e0 85 63 50 fc 7f 00 00


Registers:
RAX=0x00007ffc26b10720, RBX=0x0000000000000001, RCX=0x000001443ab0fc30, RDX=0x000001440edb6cf0
RSP=0x00000012dd5f3198, RBP=0x00000012dd5f3390, RSI=0x00000144247a11c0, RDI=0x000001443ab0fc30
R8 =0x00000012dd5f3380, R9 =0x00000012dd5f33c0, R10=0x0000000000000000, R11=0x000001444e7dd5f0
R12=0x00000012dd5f3380, R13=0x00000012dd5f33c0, R14=0x00000012dd5f3498, R15=0x000001440edb6cf0
RIP=0x00007ffc26b69670, EFLAGS=0x0000000000010206

Top of Stack: (sp=0x00000012dd5f3198)
0x00000012dd5f3198:   00007ffc26840855 000000074497a988
0x00000012dd5f31a8:   00000144347a9308 0000000741848eb0
0x00000012dd5f31b8:   0000000000000000 fffffffffffffffe
0x00000012dd5f31c8:   0000000000000000 0000000000000000
0x00000012dd5f31d8:   0000000000000001 0000000000000008
0x00000012dd5f31e8:   0000014405bc0000 00000012dd5f3530
0x00000012dd5f31f8:   00007ffcd803e732 0000014400000002
0x00000012dd5f3208:   0000000000000000 0000000000000000
0x00000012dd5f3218:   0000000000000000 0000000000000040
0x00000012dd5f3228:   0000014405bc0000 0000b567af0c730a
0x00000012dd5f3238:   0000000000000010 0000000000000038
0x00000012dd5f3248:   0000000000000000 00000012dd5f3498
0x00000012dd5f3258:   0000014426f130d8 000001443ab0fc30
0x00000012dd5f3268:   000001440edb6cf0 00000144247a11c0
0x00000012dd5f3278:   00000012dd5f3390 0000000000000001
0x00000012dd5f3288:   00007ffc268383a6 0000014405a10000 

Instructions: (pc=0x00007ffc26b69670)
0x00007ffc26b69650:   00 00 00 00 ff ff ff ff 00 00 00 00 40 00 00 00
0x00007ffc26b69660:   20 96 43 00 00 00 00 00 00 00 00 00 00 00 00 00
0x00007ffc26b69670:   01 00 00 00 00 00 00 00 00 00 00 00 a0 19 57 00
0x00007ffc26b69680:   98 96 43 00 70 96 43 00 00 00 00 00 00 00 00 00 


Stack slot to memory mapping:
stack at sp + 0 slots: 0x00007ffc26840855 points into unknown readable memory: 8b f0 83
stack at sp + 1 slots: 0x000000074497a988 is an oop: javax.swing.DebugGraphicsInfo 
{0x000000074497a988} - klass: 'javax/swing/DebugGraphicsInfo'
stack at sp + 2 slots: 0x00000144347a9308 is at entry_point+200 in (nmethod*)0x00000144347a9090
stack at sp + 3 slots: 0x0000000741848eb0 is an oop: javax.swing.JPanel 
{0x0000000741848eb0} - klass: 'javax/swing/JPanel'
stack at sp + 4 slots: 0x0 is NULL
stack at sp + 5 slots: 0xfffffffffffffffe is an unknown value
stack at sp + 6 slots: 0x0 is NULL
stack at sp + 7 slots: 0x0 is NULL


---------------  P R O C E S S  ---------------

Threads class SMR info:
_java_thread_list=0x000001442406e9f0, length=38, elements={
0x0000014444cd0000, 0x0000014446c55800, 0x00000144267d8000, 0x0000014444a70000,
0x0000014444a70800, 0x0000014444a71800, 0x0000014446330800, 0x0000014446332000,
0x0000014426ff5000, 0x0000014426ff7000, 0x000001440f7af000, 0x000001440f63d800,
0x000001440f63e000, 0x000001440f932000, 0x0000014423caa800, 0x0000014423b0d000,
0x0000014423ca1000, 0x0000014423a86800, 0x0000014423f90800, 0x0000014423f90000,
0x0000014423f93000, 0x0000014423f94000, 0x0000014423f99800, 0x0000014423f94800,
0x0000014423f92800, 0x0000014423f97000, 0x0000014423f9a800, 0x0000014423f9c000,
0x0000014423f9d000, 0x0000014423f8f000, 0x0000014423f9b800, 0x0000014429086000,
0x000001442908a000, 0x0000014423f95800, 0x0000014429087800, 0x000001442908b000,
0x0000014423f96800, 0x0000014423f98000
}

Java Threads: ( => current thread )
  0x0000014444cd0000 JavaThread "main" [_thread_blocked, id=448, stack(0x00000012d8200000,0x00000012d8300000)]
  0x0000014446c55800 JavaThread "Reference Handler" daemon [_thread_blocked, id=508, stack(0x00000012d8900000,0x00000012d8e00000)]
  0x00000144267d8000 JavaThread "Finalizer" daemon [_thread_blocked, id=21540, stack(0x00000012d8e00000,0x00000012d9300000)]
  0x0000014444a70000 JavaThread "Signal Dispatcher" daemon [_thread_blocked, id=5304, stack(0x00000012d9300000,0x00000012d9800000)]
  0x0000014444a70800 JavaThread "Attach Listener" daemon [_thread_blocked, id=3960, stack(0x00000012d9800000,0x00000012d9d00000)]
  0x0000014444a71800 JavaThread "C2 CompilerThread0" daemon [_thread_blocked, id=3192, stack(0x00000012d9d00000,0x00000012d9e00000)]
  0x0000014446330800 JavaThread "C1 CompilerThread0" daemon [_thread_blocked, id=10448, stack(0x00000012d9e00000,0x00000012d9f00000)]
  0x0000014446332000 JavaThread "Sweeper thread" daemon [_thread_blocked, id=8644, stack(0x00000012d9f00000,0x00000012da400000)]
  0x0000014426ff5000 JavaThread "Common-Cleaner" daemon [_thread_blocked, id=19568, stack(0x00000012da800000,0x00000012dad00000)]
  0x0000014426ff7000 JavaThread "Service Thread" daemon [_thread_blocked, id=15072, stack(0x00000012dad00000,0x00000012db200000)]
  0x000001440f7af000 JavaThread "Java2D Disposer" daemon [_thread_blocked, id=1412, stack(0x00000012db300000,0x00000012db800000)]
  0x000001440f63d800 JavaThread "AWT-Shutdown" [_thread_blocked, id=17300, stack(0x00000012db800000,0x00000012dbd00000)]
  0x000001440f63e000 JavaThread "AWT-Windows" daemon [_thread_in_native, id=11148, stack(0x00000012dbd00000,0x00000012dc200000)]
  0x000001440f932000 JavaThread "TimerQueue" daemon [_thread_blocked, id=15580, stack(0x00000012dc200000,0x00000012dc700000)]
=>0x0000014423caa800 JavaThread "AWT-EventQueue-0" [_thread_in_native, id=13484, stack(0x00000012dd100000,0x00000012dd600000)]
  0x0000014423b0d000 JavaThread "Thread-1" [_thread_in_native, id=21872, stack(0x00000012d6b00000,0x00000012d7f00000)]
  0x0000014423ca1000 JavaThread "Process Messages Thread" [_thread_blocked, id=14044, stack(0x00000012ddb00000,0x00000012de000000)]
  0x0000014423a86800 JavaThread "Batik CleanerThread" daemon [_thread_blocked, id=17344, stack(0x00000012dd600000,0x00000012ddb00000)]
  0x0000014423f90800 JavaThread "SyntheticaCleanerThread" daemon [_thread_blocked, id=21760, stack(0x00000012df300000,0x00000012df800000)]
  0x0000014423f90000 JavaThread "Monitor HEventQueue Thread" [_thread_blocked, id=13200, stack(0x00000012dff00000,0x00000012e0400000)]
  0x0000014423f93000 JavaThread "SyntheticaAnimation 50" daemon [_thread_blocked, id=4060, stack(0x00000012e0400000,0x00000012e0900000)]
  0x0000014423f94000 JavaThread "SyntheticaAnimation 25" daemon [_thread_blocked, id=14224, stack(0x00000012e0a00000,0x00000012e0f00000)]
  0x0000014423f99800 JavaThread "SyntheticaAnimation 70" daemon [_thread_blocked, id=7436, stack(0x00000012e1900000,0x00000012e1e00000)]
  0x0000014423f94800 JavaThread "Refresh Filesets Swing Worker Thread" [_thread_blocked, id=17632, stack(0x00000012e1400000,0x00000012e1900000)]
  0x0000014423f92800 JavaThread "hw_ila_monitor" [_thread_blocked, id=10004, stack(0x00000012e1e00000,0x00000012e2300000)]
  0x0000014423f97000 JavaThread "pool-2-thread-1" [_thread_blocked, id=6416, stack(0x00000012e2300000,0x00000012e2800000)]
  0x0000014423f9a800 JavaThread "pool-3-thread-1" [_thread_blocked, id=10684, stack(0x00000012e2800000,0x00000012e2d00000)]
  0x0000014423f9c000 JavaThread "pool-4-thread-1" [_thread_blocked, id=20628, stack(0x00000012e2d00000,0x00000012e3200000)]
  0x0000014423f9d000 JavaThread "Update Runs Swing Worker Thread" [_thread_blocked, id=8080, stack(0x00000012e3700000,0x00000012e3c00000)]
  0x0000014423f8f000 JavaThread "SyntheticaAnimation 50" daemon [_thread_blocked, id=7248, stack(0x00000012dca00000,0x00000012dcf00000)]
  0x0000014423f9b800 JavaThread "Timer-0" [_thread_blocked, id=2156, stack(0x00000012df800000,0x00000012dfd00000)]
  0x0000014429086000 JavaThread "Monitor File Timestamp Swing Worker Thread" [_thread_blocked, id=1276, stack(0x00000012e3200000,0x00000012e3700000)]
  0x000001442908a000 JavaThread "Image Animator 3" daemon [_thread_blocked, id=2900, stack(0x00000012e3c00000,0x00000012e4100000)]
  0x0000014423f95800 JavaThread "SyntheticaAnimation 50" daemon [_thread_blocked, id=2584, stack(0x00000012e0f00000,0x00000012e1400000)]
  0x0000014429087800 JavaThread "Timer-1" [_thread_blocked, id=18364, stack(0x00000012e4100000,0x00000012e4600000)]
  0x000001442908b000 JavaThread "Monitor File Timestamp Swing Worker Thread" [_thread_blocked, id=3052, stack(0x00000012e4600000,0x00000012e4b00000)]
  0x0000014423f96800 JavaThread "Thread-985" [_thread_in_native, id=15272, stack(0x00000012d6700000,0x00000012d6800000)]
  0x0000014423f98000 JavaThread "Relaunch Simulation Thread" [_thread_in_native, id=13000, stack(0x00000012ded00000,0x00000012df200000)]

Other Threads:
  0x000001444740d800 VMThread "VM Thread" [stack: 0x00000012d8800000,0x00000012d8900000] [id=17808]
  0x0000014426ac1800 WatcherThread [stack: 0x00000012db200000,0x00000012db300000] [id=16868]
  0x0000014429422000 GCTaskThread "GC Thread#0" [stack: 0x00000012d8300000,0x00000012d8400000] [id=2412]
  0x000001440e784800 GCTaskThread "GC Thread#1" [stack: 0x00000012de000000,0x00000012de100000] [id=2668]
  0x000001440fa16800 GCTaskThread "GC Thread#2" [stack: 0x00000012de100000,0x00000012de200000] [id=22288]
  0x000001440fa17000 GCTaskThread "GC Thread#3" [stack: 0x00000012de200000,0x00000012de300000] [id=13016]
  0x000001440fd3e800 GCTaskThread "GC Thread#4" [stack: 0x00000012de300000,0x00000012de400000] [id=19404]
  0x000001440e6f5800 GCTaskThread "GC Thread#5" [stack: 0x00000012de400000,0x00000012de500000] [id=8740]
  0x000001440e6f6800 GCTaskThread "GC Thread#6" [stack: 0x00000012de500000,0x00000012de600000] [id=18196]
  0x000001440ef2b000 GCTaskThread "GC Thread#7" [stack: 0x00000012de600000,0x00000012de700000] [id=12584]
  0x000001440ff8e000 GCTaskThread "GC Thread#8" [stack: 0x00000012de700000,0x00000012de800000] [id=15504]
  0x000001440e923000 GCTaskThread "GC Thread#9" [stack: 0x00000012de800000,0x00000012de900000] [id=4828]
  0x000001440e75d000 GCTaskThread "GC Thread#10" [stack: 0x00000012de900000,0x00000012dea00000] [id=19052]
  0x000001440e8ff800 GCTaskThread "GC Thread#11" [stack: 0x00000012dea00000,0x00000012deb00000] [id=5684]
  0x000001440e09e800 GCTaskThread "GC Thread#12" [stack: 0x00000012dd000000,0x00000012dd100000] [id=17524]
  0x0000014444a7a800 ConcurrentGCThread "G1 Main Marker" [stack: 0x00000012d8400000,0x00000012d8500000] [id=22040]
  0x0000014444a7b000 ConcurrentGCThread "G1 Conc#0" [stack: 0x00000012d8500000,0x00000012d8600000] [id=17880]
  0x000001440e71b000 ConcurrentGCThread "G1 Conc#1" [stack: 0x00000012deb00000,0x00000012dec00000] [id=19256]
  0x000001440ec77800 ConcurrentGCThread "G1 Conc#2" [stack: 0x00000012dec00000,0x00000012ded00000] [id=12156]
  0x000001444633e800 ConcurrentGCThread "G1 Refine#0" [stack: 0x00000012d8600000,0x00000012d8700000] [id=12692]
  0x0000014423af1800 ConcurrentGCThread "G1 Refine#1" [stack: 0x00000012dcf00000,0x00000012dd000000] [id=4016]
  0x000001443c483000 ConcurrentGCThread "G1 Refine#2" [stack: 0x00000012e0900000,0x00000012e0a00000] [id=21960]
  0x00000144268d2800 ConcurrentGCThread "G1 Young RemSet Sampling" [stack: 0x00000012d8700000,0x00000012d8800000] [id=17664]

Threads with active compile tasks:

VM state:not at safepoint (normal execution)

VM Mutex/Monitor currently owned by a thread: None

Heap address: 0x0000000740000000, size: 3072 MB, Compressed Oops mode: Zero based, Oop shift amount: 3
Narrow klass base: 0x0000000800000000, Narrow klass shift: 0
Compressed class space size: 1073741824 Address: 0x0000000800000000

Heap:
 garbage-first heap   total 189440K, used 120821K [0x0000000740000000, 0x0000000800000000)
  region size 1024K, 35 young (35840K), 2 survivors (2048K)
 Metaspace       used 96111K, capacity 98708K, committed 98952K, reserved 1134592K
  class space    used 13003K, capacity 14171K, committed 14208K, reserved 1048576K
Heap Regions: E=young(eden), S=young(survivor), O=old, HS=humongous(starts), HC=humongous(continues), CS=collection set, F=free, A=archive, TAMS=top-at-mark-start (previous, next)
|   0|0x0000000740000000, 0x0000000740100000, 0x0000000740100000|100%|HS|  |TAMS 0x0000000740100000, 0x0000000740000000| Complete 
|   1|0x0000000740100000, 0x0000000740200000, 0x0000000740200000|100%|HC|  |TAMS 0x0000000740200000, 0x0000000740100000| Complete 
|   2|0x0000000740200000, 0x0000000740300000, 0x0000000740300000|100%|HS|  |TAMS 0x0000000740300000, 0x0000000740200000| Complete 
|   3|0x0000000740300000, 0x00000007403ffff8, 0x0000000740400000| 99%| O|  |TAMS 0x00000007403ffff8, 0x0000000740300000| Untracked 
|   4|0x0000000740400000, 0x00000007404ffff0, 0x0000000740500000| 99%| O|  |TAMS 0x00000007404ffff0, 0x0000000740400000| Untracked 
|   5|0x0000000740500000, 0x00000007405fffe8, 0x0000000740600000| 99%| O|  |TAMS 0x00000007405fffe8, 0x0000000740500000| Untracked 
|   6|0x0000000740600000, 0x00000007406ffff8, 0x0000000740700000| 99%| O|  |TAMS 0x00000007406ffff8, 0x0000000740600000| Untracked 
|   7|0x0000000740700000, 0x0000000740800000, 0x0000000740800000|100%| O|  |TAMS 0x0000000740800000, 0x0000000740700000| Untracked 
|   8|0x0000000740800000, 0x0000000740900000, 0x0000000740900000|100%| O|  |TAMS 0x0000000740900000, 0x0000000740800000| Untracked 
|   9|0x0000000740900000, 0x0000000740a00000, 0x0000000740a00000|100%| O|  |TAMS 0x0000000740a00000, 0x0000000740900000| Untracked 
|  10|0x0000000740a00000, 0x0000000740b00000, 0x0000000740b00000|100%| O|  |TAMS 0x0000000740b00000, 0x0000000740a00000| Untracked 
|  11|0x0000000740b00000, 0x0000000740bffff0, 0x0000000740c00000| 99%| O|  |TAMS 0x0000000740bffff0, 0x0000000740b00000| Untracked 
|  12|0x0000000740c00000, 0x0000000740d00000, 0x0000000740d00000|100%| O|  |TAMS 0x0000000740d00000, 0x0000000740c00000| Untracked 
|  13|0x0000000740d00000, 0x0000000740e00000, 0x0000000740e00000|100%| O|  |TAMS 0x0000000740e00000, 0x0000000740d00000| Untracked 
|  14|0x0000000740e00000, 0x0000000740effff8, 0x0000000740f00000| 99%| O|  |TAMS 0x0000000740effff8, 0x0000000740e00000| Untracked 
|  15|0x0000000740f00000, 0x0000000740fffff0, 0x0000000741000000| 99%| O|  |TAMS 0x0000000740fffff0, 0x0000000740f00000| Untracked 
|  16|0x0000000741000000, 0x0000000741100000, 0x0000000741100000|100%| O|  |TAMS 0x0000000741100000, 0x0000000741000000| Untracked 
|  17|0x0000000741100000, 0x0000000741200000, 0x0000000741200000|100%| O|  |TAMS 0x0000000741200000, 0x0000000741100000| Untracked 
|  18|0x0000000741200000, 0x0000000741300000, 0x0000000741300000|100%| O|  |TAMS 0x0000000741300000, 0x0000000741200000| Untracked 
|  19|0x0000000741300000, 0x00000007413ffff0, 0x0000000741400000| 99%| O|  |TAMS 0x00000007413ffff0, 0x0000000741300000| Untracked 
|  20|0x0000000741400000, 0x0000000741500000, 0x0000000741500000|100%| O|  |TAMS 0x0000000741500000, 0x0000000741400000| Untracked 
|  21|0x0000000741500000, 0x00000007415ffff0, 0x0000000741600000| 99%| O|  |TAMS 0x00000007415ffff0, 0x0000000741500000| Untracked 
|  22|0x0000000741600000, 0x0000000741700000, 0x0000000741700000|100%| O|  |TAMS 0x0000000741700000, 0x0000000741600000| Untracked 
|  23|0x0000000741700000, 0x0000000741800000, 0x0000000741800000|100%| O|  |TAMS 0x0000000741800000, 0x0000000741700000| Untracked 
|  24|0x0000000741800000, 0x00000007418ffff0, 0x0000000741900000| 99%| O|  |TAMS 0x00000007418ffff0, 0x0000000741800000| Untracked 
|  25|0x0000000741900000, 0x0000000741a00000, 0x0000000741a00000|100%| O|  |TAMS 0x0000000741a00000, 0x0000000741900000| Untracked 
|  26|0x0000000741a00000, 0x0000000741affff8, 0x0000000741b00000| 99%| O|  |TAMS 0x0000000741affff8, 0x0000000741a00000| Untracked 
|  27|0x0000000741b00000, 0x0000000741bffff8, 0x0000000741c00000| 99%| O|  |TAMS 0x0000000741bffff8, 0x0000000741b00000| Untracked 
|  28|0x0000000741c00000, 0x0000000741cffff8, 0x0000000741d00000| 99%| O|  |TAMS 0x0000000741cffff8, 0x0000000741c00000| Untracked 
|  29|0x0000000741d00000, 0x0000000741e00000, 0x0000000741e00000|100%| O|  |TAMS 0x0000000741e00000, 0x0000000741d00000| Untracked 
|  30|0x0000000741e00000, 0x0000000741effff8, 0x0000000741f00000| 99%| O|  |TAMS 0x0000000741effff8, 0x0000000741e00000| Untracked 
|  31|0x0000000741f00000, 0x0000000741fffff8, 0x0000000742000000| 99%| O|  |TAMS 0x0000000741fffff8, 0x0000000741f00000| Untracked 
|  32|0x0000000742000000, 0x00000007420ffff8, 0x0000000742100000| 99%| O|  |TAMS 0x00000007420ffff8, 0x0000000742000000| Untracked 
|  33|0x0000000742100000, 0x0000000742200000, 0x0000000742200000|100%| O|  |TAMS 0x0000000742200000, 0x0000000742100000| Untracked 
|  34|0x0000000742200000, 0x0000000742300000, 0x0000000742300000|100%| O|  |TAMS 0x0000000742300000, 0x0000000742200000| Untracked 
|  35|0x0000000742300000, 0x0000000742400000, 0x0000000742400000|100%| O|  |TAMS 0x0000000742400000, 0x0000000742300000| Untracked 
|  36|0x0000000742400000, 0x00000007424fffe0, 0x0000000742500000| 99%| O|  |TAMS 0x00000007424fffe0, 0x0000000742400000| Untracked 
|  37|0x0000000742500000, 0x0000000742600000, 0x0000000742600000|100%| O|  |TAMS 0x0000000742600000, 0x0000000742500000| Untracked 
|  38|0x0000000742600000, 0x0000000742700000, 0x0000000742700000|100%| O|  |TAMS 0x0000000742700000, 0x0000000742600000| Untracked 
|  39|0x0000000742700000, 0x0000000742800000, 0x0000000742800000|100%| O|  |TAMS 0x0000000742800000, 0x0000000742700000| Untracked 
|  40|0x0000000742800000, 0x00000007428fffe0, 0x0000000742900000| 99%| O|  |TAMS 0x00000007428fffe0, 0x0000000742800000| Untracked 
|  41|0x0000000742900000, 0x0000000742a00000, 0x0000000742a00000|100%|HS|  |TAMS 0x0000000742a00000, 0x0000000742900000| Complete 
|  42|0x0000000742a00000, 0x0000000742b00000, 0x0000000742b00000|100%|HC|  |TAMS 0x0000000742b00000, 0x0000000742a00000| Complete 
|  43|0x0000000742b00000, 0x0000000742c00000, 0x0000000742c00000|100%|HC|  |TAMS 0x0000000742c00000, 0x0000000742b00000| Complete 
|  44|0x0000000742c00000, 0x0000000742d00000, 0x0000000742d00000|100%|HC|  |TAMS 0x0000000742d00000, 0x0000000742c00000| Complete 
|  45|0x0000000742d00000, 0x0000000742e00000, 0x0000000742e00000|100%|HC|  |TAMS 0x0000000742e00000, 0x0000000742d00000| Complete 
|  46|0x0000000742e00000, 0x0000000742f00000, 0x0000000742f00000|100%|HC|  |TAMS 0x0000000742f00000, 0x0000000742e00000| Complete 
|  47|0x0000000742f00000, 0x0000000743000000, 0x0000000743000000|100%|HC|  |TAMS 0x0000000743000000, 0x0000000742f00000| Complete 
|  48|0x0000000743000000, 0x0000000743100000, 0x0000000743100000|100%|HC|  |TAMS 0x0000000743100000, 0x0000000743000000| Complete 
|  49|0x0000000743100000, 0x00000007431ffff8, 0x0000000743200000| 99%| O|  |TAMS 0x00000007431ffff8, 0x0000000743100000| Untracked 
|  50|0x0000000743200000, 0x0000000743300000, 0x0000000743300000|100%| O|  |TAMS 0x0000000743300000, 0x0000000743200000| Untracked 
|  51|0x0000000743300000, 0x00000007433ffff8, 0x0000000743400000| 99%| O|  |TAMS 0x00000007433ffff8, 0x0000000743300000| Untracked 
|  52|0x0000000743400000, 0x0000000743500000, 0x0000000743500000|100%| O|  |TAMS 0x0000000743500000, 0x0000000743400000| Untracked 
|  53|0x0000000743500000, 0x00000007435ffff8, 0x0000000743600000| 99%| O|  |TAMS 0x00000007435ffff8, 0x0000000743500000| Untracked 
|  54|0x0000000743600000, 0x0000000743700000, 0x0000000743700000|100%| O|  |TAMS 0x0000000743700000, 0x0000000743600000| Untracked 
|  55|0x0000000743700000, 0x0000000743800000, 0x0000000743800000|100%| O|  |TAMS 0x0000000743800000, 0x0000000743700000| Untracked 
|  56|0x0000000743800000, 0x0000000743900000, 0x0000000743900000|100%| O|  |TAMS 0x0000000743900000, 0x0000000743800000| Untracked 
|  57|0x0000000743900000, 0x00000007439fffe8, 0x0000000743a00000| 99%| O|  |TAMS 0x00000007439fffe8, 0x0000000743900000| Untracked 
|  58|0x0000000743a00000, 0x0000000743affff0, 0x0000000743b00000| 99%| O|  |TAMS 0x0000000743affff0, 0x0000000743a00000| Untracked 
|  59|0x0000000743b00000, 0x0000000743bffff0, 0x0000000743c00000| 99%| O|  |TAMS 0x0000000743bffff0, 0x0000000743b00000| Untracked 
|  60|0x0000000743c00000, 0x0000000743d00000, 0x0000000743d00000|100%| O|  |TAMS 0x0000000743d00000, 0x0000000743c00000| Untracked 
|  61|0x0000000743d00000, 0x0000000743e00000, 0x0000000743e00000|100%| O|  |TAMS 0x0000000743e00000, 0x0000000743d00000| Untracked 
|  62|0x0000000743e00000, 0x0000000743f00000, 0x0000000743f00000|100%| O|  |TAMS 0x0000000743f00000, 0x0000000743e00000| Untracked 
|  63|0x0000000743f00000, 0x0000000743ffffd0, 0x0000000744000000| 99%| O|  |TAMS 0x0000000743ffffd0, 0x0000000743f00000| Untracked 
|  64|0x0000000744000000, 0x00000007440ffff8, 0x0000000744100000| 99%| O|  |TAMS 0x00000007440ffff8, 0x0000000744000000| Untracked 
|  65|0x0000000744100000, 0x0000000744200000, 0x0000000744200000|100%| O|  |TAMS 0x0000000744200000, 0x0000000744100000| Untracked 
|  66|0x0000000744200000, 0x00000007442ffff8, 0x0000000744300000| 99%| O|  |TAMS 0x00000007442ffff8, 0x0000000744200000| Untracked 
|  67|0x0000000744300000, 0x0000000744400000, 0x0000000744400000|100%| O|  |TAMS 0x0000000744400000, 0x0000000744300000| Untracked 
|  68|0x0000000744400000, 0x0000000744500000, 0x0000000744500000|100%| O|  |TAMS 0x0000000744500000, 0x0000000744400000| Untracked 
|  69|0x0000000744500000, 0x0000000744600000, 0x0000000744600000|100%| O|  |TAMS 0x0000000744600000, 0x0000000744500000| Untracked 
|  70|0x0000000744600000, 0x00000007446fffe8, 0x0000000744700000| 99%| O|  |TAMS 0x00000007446fffe8, 0x0000000744600000| Untracked 
|  71|0x0000000744700000, 0x0000000744800000, 0x0000000744800000|100%| O|  |TAMS 0x0000000744800000, 0x0000000744700000| Untracked 
|  72|0x0000000744800000, 0x00000007448ffff8, 0x0000000744900000| 99%| O|  |TAMS 0x00000007448ffff8, 0x0000000744800000| Untracked 
|  73|0x0000000744900000, 0x0000000744a00000, 0x0000000744a00000|100%| O|  |TAMS 0x0000000744a00000, 0x0000000744900000| Untracked 
|  74|0x0000000744a00000, 0x0000000744afffd8, 0x0000000744b00000| 99%| O|  |TAMS 0x0000000744afffd8, 0x0000000744a00000| Untracked 
|  75|0x0000000744b00000, 0x0000000744c00000, 0x0000000744c00000|100%| O|  |TAMS 0x0000000744c00000, 0x0000000744b00000| Untracked 
|  76|0x0000000744c00000, 0x0000000744d00000, 0x0000000744d00000|100%| O|  |TAMS 0x0000000744d00000, 0x0000000744c00000| Untracked 
|  77|0x0000000744d00000, 0x0000000744dffff0, 0x0000000744e00000| 99%| O|  |TAMS 0x0000000744dffff0, 0x0000000744d00000| Untracked 
|  78|0x0000000744e00000, 0x0000000744effad8, 0x0000000744f00000| 99%| O|  |TAMS 0x0000000744effad8, 0x0000000744e00000| Untracked 
|  79|0x0000000744f00000, 0x0000000744fd6b18, 0x0000000745000000| 83%| O|  |TAMS 0x0000000744fd6b18, 0x0000000744f00000| Untracked 
|  80|0x0000000745000000, 0x00000007450d8078, 0x0000000745100000| 84%| O|  |TAMS 0x00000007450d8078, 0x0000000745000000| Untracked 
|  81|0x0000000745100000, 0x0000000745163d60, 0x0000000745200000| 38%| O|  |TAMS 0x0000000745163d60, 0x0000000745100000| Untracked 
|  82|0x0000000745200000, 0x00000007452b6bd8, 0x0000000745300000| 71%| O|  |TAMS 0x00000007452b6bd8, 0x0000000745200000| Untracked 
|  83|0x0000000745300000, 0x0000000745300000, 0x0000000745400000|  0%| F|  |TAMS 0x0000000745300000, 0x0000000745300000| Untracked 
|  84|0x0000000745400000, 0x0000000745400000, 0x0000000745500000|  0%| F|  |TAMS 0x0000000745400000, 0x0000000745400000| Untracked 
|  85|0x0000000745500000, 0x0000000745500000, 0x0000000745600000|  0%| F|  |TAMS 0x0000000745500000, 0x0000000745500000| Untracked 
|  86|0x0000000745600000, 0x0000000745600000, 0x0000000745700000|  0%| F|  |TAMS 0x0000000745600000, 0x0000000745600000| Untracked 
|  87|0x0000000745700000, 0x0000000745716cf0, 0x0000000745800000|  8%| O|  |TAMS 0x0000000745716cf0, 0x0000000745700000| Untracked 
|  88|0x0000000745800000, 0x0000000745900000, 0x0000000745900000|100%|HS|  |TAMS 0x0000000745900000, 0x0000000745800000| Complete 
|  89|0x0000000745900000, 0x0000000745a00000, 0x0000000745a00000|100%|HC|  |TAMS 0x0000000745a00000, 0x0000000745900000| Complete 
|  90|0x0000000745a00000, 0x0000000745b00000, 0x0000000745b00000|100%|HC|  |TAMS 0x0000000745b00000, 0x0000000745a00000| Complete 
|  91|0x0000000745b00000, 0x0000000745b00000, 0x0000000745c00000|  0%| F|  |TAMS 0x0000000745b00000, 0x0000000745b00000| Untracked 
|  92|0x0000000745c00000, 0x0000000745c00000, 0x0000000745d00000|  0%| F|  |TAMS 0x0000000745c00000, 0x0000000745c00000| Untracked 
|  93|0x0000000745d00000, 0x0000000745d00000, 0x0000000745e00000|  0%| F|  |TAMS 0x0000000745d00000, 0x0000000745d00000| Untracked 
|  94|0x0000000745e00000, 0x0000000745e00000, 0x0000000745f00000|  0%| F|  |TAMS 0x0000000745e00000, 0x0000000745e00000| Untracked 
|  95|0x0000000745f00000, 0x0000000745f00000, 0x0000000746000000|  0%| F|  |TAMS 0x0000000745f00000, 0x0000000745f00000| Untracked 
|  96|0x0000000746000000, 0x0000000746000000, 0x0000000746100000|  0%| F|  |TAMS 0x0000000746000000, 0x0000000746000000| Untracked 
|  97|0x0000000746100000, 0x0000000746100000, 0x0000000746200000|  0%| F|  |TAMS 0x0000000746100000, 0x0000000746100000| Untracked 
|  98|0x0000000746200000, 0x0000000746200000, 0x0000000746300000|  0%| F|  |TAMS 0x0000000746200000, 0x0000000746200000| Untracked 
|  99|0x0000000746300000, 0x0000000746300000, 0x0000000746400000|  0%| F|  |TAMS 0x0000000746300000, 0x0000000746300000| Untracked 
| 100|0x0000000746400000, 0x0000000746400000, 0x0000000746500000|  0%| F|  |TAMS 0x0000000746400000, 0x0000000746400000| Untracked 
| 101|0x0000000746500000, 0x0000000746500000, 0x0000000746600000|  0%| F|  |TAMS 0x0000000746500000, 0x0000000746500000| Untracked 
| 102|0x0000000746600000, 0x0000000746600000, 0x0000000746700000|  0%| F|  |TAMS 0x0000000746600000, 0x0000000746600000| Untracked 
| 103|0x0000000746700000, 0x0000000746700000, 0x0000000746800000|  0%| F|  |TAMS 0x0000000746700000, 0x0000000746700000| Untracked 
| 104|0x0000000746800000, 0x0000000746800000, 0x0000000746900000|  0%| F|  |TAMS 0x0000000746800000, 0x0000000746800000| Untracked 
| 105|0x0000000746900000, 0x0000000746900000, 0x0000000746a00000|  0%| F|  |TAMS 0x0000000746900000, 0x0000000746900000| Untracked 
| 106|0x0000000746a00000, 0x0000000746a00000, 0x0000000746b00000|  0%| F|  |TAMS 0x0000000746a00000, 0x0000000746a00000| Untracked 
| 107|0x0000000746b00000, 0x0000000746b00000, 0x0000000746c00000|  0%| F|  |TAMS 0x0000000746b00000, 0x0000000746b00000| Untracked 
| 108|0x0000000746c00000, 0x0000000746c00000, 0x0000000746d00000|  0%| F|  |TAMS 0x0000000746c00000, 0x0000000746c00000| Untracked 
| 109|0x0000000746d00000, 0x0000000746d00000, 0x0000000746e00000|  0%| F|  |TAMS 0x0000000746d00000, 0x0000000746d00000| Untracked 
| 110|0x0000000746e00000, 0x0000000746e00000, 0x0000000746f00000|  0%| F|  |TAMS 0x0000000746e00000, 0x0000000746e00000| Untracked 
| 111|0x0000000746f00000, 0x0000000746f00000, 0x0000000747000000|  0%| F|  |TAMS 0x0000000746f00000, 0x0000000746f00000| Untracked 
| 112|0x0000000747000000, 0x0000000747000000, 0x0000000747100000|  0%| F|  |TAMS 0x0000000747000000, 0x0000000747000000| Untracked 
| 113|0x0000000747100000, 0x0000000747100000, 0x0000000747200000|  0%| F|  |TAMS 0x0000000747100000, 0x0000000747100000| Untracked 
| 114|0x0000000747200000, 0x0000000747200000, 0x0000000747300000|  0%| F|  |TAMS 0x0000000747200000, 0x0000000747200000| Untracked 
| 115|0x0000000747300000, 0x0000000747300000, 0x0000000747400000|  0%| F|  |TAMS 0x0000000747300000, 0x0000000747300000| Untracked 
| 116|0x0000000747400000, 0x0000000747400000, 0x0000000747500000|  0%| F|  |TAMS 0x0000000747400000, 0x0000000747400000| Untracked 
| 117|0x0000000747500000, 0x0000000747500000, 0x0000000747600000|  0%| F|  |TAMS 0x0000000747500000, 0x0000000747500000| Untracked 
| 118|0x0000000747600000, 0x0000000747600000, 0x0000000747700000|  0%| F|  |TAMS 0x0000000747600000, 0x0000000747600000| Untracked 
| 119|0x0000000747700000, 0x0000000747700000, 0x0000000747800000|  0%| F|  |TAMS 0x0000000747700000, 0x0000000747700000| Untracked 
| 120|0x0000000747800000, 0x0000000747800000, 0x0000000747900000|  0%| F|  |TAMS 0x0000000747800000, 0x0000000747800000| Untracked 
| 121|0x0000000747900000, 0x0000000747900000, 0x0000000747a00000|  0%| F|  |TAMS 0x0000000747900000, 0x0000000747900000| Untracked 
| 122|0x0000000747a00000, 0x0000000747a00000, 0x0000000747b00000|  0%| F|  |TAMS 0x0000000747a00000, 0x0000000747a00000| Untracked 
| 123|0x0000000747b00000, 0x0000000747b1dce0, 0x0000000747c00000| 11%| S|CS|TAMS 0x0000000747b00000, 0x0000000747b00000| Complete 
| 124|0x0000000747c00000, 0x0000000747c00000, 0x0000000747d00000|  0%| F|  |TAMS 0x0000000747c00000, 0x0000000747c00000| Untracked 
| 125|0x0000000747d00000, 0x0000000747e00000, 0x0000000747e00000|100%| S|CS|TAMS 0x0000000747d00000, 0x0000000747d00000| Complete 
| 126|0x0000000747e00000, 0x0000000747e00000, 0x0000000747f00000|  0%| F|  |TAMS 0x0000000747e00000, 0x0000000747e00000| Untracked 
| 127|0x0000000747f00000, 0x0000000747f00000, 0x0000000748000000|  0%| F|  |TAMS 0x0000000747f00000, 0x0000000747f00000| Untracked 
| 128|0x0000000748000000, 0x0000000748000000, 0x0000000748100000|  0%| F|  |TAMS 0x0000000748000000, 0x0000000748000000| Untracked 
| 129|0x0000000748100000, 0x0000000748100000, 0x0000000748200000|  0%| F|  |TAMS 0x0000000748100000, 0x0000000748100000| Untracked 
| 130|0x0000000748200000, 0x0000000748200000, 0x0000000748300000|  0%| F|  |TAMS 0x0000000748200000, 0x0000000748200000| Untracked 
| 131|0x0000000748300000, 0x0000000748300000, 0x0000000748400000|  0%| F|  |TAMS 0x0000000748300000, 0x0000000748300000| Untracked 
| 132|0x0000000748400000, 0x0000000748400000, 0x0000000748500000|  0%| F|  |TAMS 0x0000000748400000, 0x0000000748400000| Untracked 
| 133|0x0000000748500000, 0x0000000748500000, 0x0000000748600000|  0%| F|  |TAMS 0x0000000748500000, 0x0000000748500000| Untracked 
| 134|0x0000000748600000, 0x0000000748600000, 0x0000000748700000|  0%| F|  |TAMS 0x0000000748600000, 0x0000000748600000| Untracked 
| 135|0x0000000748700000, 0x0000000748700000, 0x0000000748800000|  0%| F|  |TAMS 0x0000000748700000, 0x0000000748700000| Untracked 
| 136|0x0000000748800000, 0x0000000748800000, 0x0000000748900000|  0%| F|  |TAMS 0x0000000748800000, 0x0000000748800000| Untracked 
| 137|0x0000000748900000, 0x0000000748900000, 0x0000000748a00000|  0%| F|  |TAMS 0x0000000748900000, 0x0000000748900000| Untracked 
| 138|0x0000000748a00000, 0x0000000748a00000, 0x0000000748b00000|  0%| F|  |TAMS 0x0000000748a00000, 0x0000000748a00000| Untracked 
| 139|0x0000000748b00000, 0x0000000748b00000, 0x0000000748c00000|  0%| F|  |TAMS 0x0000000748b00000, 0x0000000748b00000| Untracked 
| 140|0x0000000748c00000, 0x0000000748c00000, 0x0000000748d00000|  0%| F|  |TAMS 0x0000000748c00000, 0x0000000748c00000| Untracked 
| 141|0x0000000748d00000, 0x0000000748d00000, 0x0000000748e00000|  0%| F|  |TAMS 0x0000000748d00000, 0x0000000748d00000| Untracked 
| 142|0x0000000748e00000, 0x0000000748e00000, 0x0000000748f00000|  0%| F|  |TAMS 0x0000000748e00000, 0x0000000748e00000| Untracked 
| 143|0x0000000748f00000, 0x0000000748f00000, 0x0000000749000000|  0%| F|  |TAMS 0x0000000748f00000, 0x0000000748f00000| Untracked 
| 144|0x0000000749000000, 0x0000000749000000, 0x0000000749100000|  0%| F|  |TAMS 0x0000000749000000, 0x0000000749000000| Untracked 
| 145|0x0000000749100000, 0x0000000749100000, 0x0000000749200000|  0%| F|  |TAMS 0x0000000749100000, 0x0000000749100000| Untracked 
| 146|0x0000000749200000, 0x0000000749200000, 0x0000000749300000|  0%| F|  |TAMS 0x0000000749200000, 0x0000000749200000| Untracked 
| 147|0x0000000749300000, 0x0000000749300000, 0x0000000749400000|  0%| F|  |TAMS 0x0000000749300000, 0x0000000749300000| Untracked 
| 148|0x0000000749400000, 0x0000000749400000, 0x0000000749500000|  0%| F|  |TAMS 0x0000000749400000, 0x0000000749400000| Untracked 
| 149|0x0000000749500000, 0x0000000749500000, 0x0000000749600000|  0%| F|  |TAMS 0x0000000749500000, 0x0000000749500000| Untracked 
| 150|0x0000000749600000, 0x0000000749600000, 0x0000000749700000|  0%| F|  |TAMS 0x0000000749600000, 0x0000000749600000| Untracked 
| 151|0x0000000749700000, 0x0000000749700000, 0x0000000749800000|  0%| F|  |TAMS 0x0000000749700000, 0x0000000749700000| Untracked 
| 152|0x0000000749800000, 0x00000007498e2148, 0x0000000749900000| 88%| E|  |TAMS 0x0000000749800000, 0x0000000749800000| Complete 
| 153|0x0000000749900000, 0x0000000749a00000, 0x0000000749a00000|100%| E|CS|TAMS 0x0000000749900000, 0x0000000749900000| Complete 
| 154|0x0000000749a00000, 0x0000000749b00000, 0x0000000749b00000|100%| E|CS|TAMS 0x0000000749a00000, 0x0000000749a00000| Complete 
| 155|0x0000000749b00000, 0x0000000749c00000, 0x0000000749c00000|100%| E|CS|TAMS 0x0000000749b00000, 0x0000000749b00000| Complete 
| 156|0x0000000749c00000, 0x0000000749d00000, 0x0000000749d00000|100%| E|CS|TAMS 0x0000000749c00000, 0x0000000749c00000| Complete 
| 157|0x0000000749d00000, 0x0000000749e00000, 0x0000000749e00000|100%| E|CS|TAMS 0x0000000749d00000, 0x0000000749d00000| Complete 
| 158|0x0000000749e00000, 0x0000000749f00000, 0x0000000749f00000|100%| E|CS|TAMS 0x0000000749e00000, 0x0000000749e00000| Complete 
| 159|0x0000000749f00000, 0x000000074a000000, 0x000000074a000000|100%| E|CS|TAMS 0x0000000749f00000, 0x0000000749f00000| Complete 
| 160|0x000000074a000000, 0x000000074a100000, 0x000000074a100000|100%| E|CS|TAMS 0x000000074a000000, 0x000000074a000000| Complete 
| 161|0x000000074a100000, 0x000000074a200000, 0x000000074a200000|100%| E|CS|TAMS 0x000000074a100000, 0x000000074a100000| Complete 
| 162|0x000000074a200000, 0x000000074a300000, 0x000000074a300000|100%| E|CS|TAMS 0x000000074a200000, 0x000000074a200000| Complete 
| 163|0x000000074a300000, 0x000000074a400000, 0x000000074a400000|100%| E|CS|TAMS 0x000000074a300000, 0x000000074a300000| Complete 
| 164|0x000000074a400000, 0x000000074a500000, 0x000000074a500000|100%| E|CS|TAMS 0x000000074a400000, 0x000000074a400000| Complete 
| 165|0x000000074a500000, 0x000000074a600000, 0x000000074a600000|100%| E|CS|TAMS 0x000000074a500000, 0x000000074a500000| Complete 
| 166|0x000000074a600000, 0x000000074a700000, 0x000000074a700000|100%| E|CS|TAMS 0x000000074a600000, 0x000000074a600000| Complete 
| 167|0x000000074a700000, 0x000000074a800000, 0x000000074a800000|100%| E|CS|TAMS 0x000000074a700000, 0x000000074a700000| Complete 
| 168|0x000000074a800000, 0x000000074a900000, 0x000000074a900000|100%| E|CS|TAMS 0x000000074a800000, 0x000000074a800000| Complete 
| 169|0x000000074a900000, 0x000000074aa00000, 0x000000074aa00000|100%| E|CS|TAMS 0x000000074a900000, 0x000000074a900000| Complete 
| 170|0x000000074aa00000, 0x000000074ab00000, 0x000000074ab00000|100%| E|CS|TAMS 0x000000074aa00000, 0x000000074aa00000| Complete 
| 171|0x000000074ab00000, 0x000000074ac00000, 0x000000074ac00000|100%| E|CS|TAMS 0x000000074ab00000, 0x000000074ab00000| Complete 
| 172|0x000000074ac00000, 0x000000074ad00000, 0x000000074ad00000|100%| E|CS|TAMS 0x000000074ac00000, 0x000000074ac00000| Complete 
| 173|0x000000074ad00000, 0x000000074ae00000, 0x000000074ae00000|100%| E|CS|TAMS 0x000000074ad00000, 0x000000074ad00000| Complete 
| 174|0x000000074ae00000, 0x000000074af00000, 0x000000074af00000|100%| E|CS|TAMS 0x000000074ae00000, 0x000000074ae00000| Complete 
| 175|0x000000074af00000, 0x000000074b000000, 0x000000074b000000|100%| E|CS|TAMS 0x000000074af00000, 0x000000074af00000| Complete 
| 176|0x000000074b000000, 0x000000074b100000, 0x000000074b100000|100%| E|CS|TAMS 0x000000074b000000, 0x000000074b000000| Complete 
| 177|0x000000074b100000, 0x000000074b200000, 0x000000074b200000|100%| E|CS|TAMS 0x000000074b100000, 0x000000074b100000| Complete 
| 178|0x000000074b200000, 0x000000074b300000, 0x000000074b300000|100%| E|CS|TAMS 0x000000074b200000, 0x000000074b200000| Complete 
| 179|0x000000074b300000, 0x000000074b400000, 0x000000074b400000|100%| E|CS|TAMS 0x000000074b300000, 0x000000074b300000| Complete 
| 180|0x000000074b400000, 0x000000074b500000, 0x000000074b500000|100%| E|CS|TAMS 0x000000074b400000, 0x000000074b400000| Complete 
| 181|0x000000074b500000, 0x000000074b600000, 0x000000074b600000|100%| E|CS|TAMS 0x000000074b500000, 0x000000074b500000| Complete 
| 182|0x000000074b600000, 0x000000074b700000, 0x000000074b700000|100%| E|CS|TAMS 0x000000074b600000, 0x000000074b600000| Complete 
| 183|0x000000074b700000, 0x000000074b800000, 0x000000074b800000|100%| E|CS|TAMS 0x000000074b700000, 0x000000074b700000| Complete 
| 184|0x000000074b800000, 0x000000074b900000, 0x000000074b900000|100%| E|CS|TAMS 0x000000074b800000, 0x000000074b800000| Complete 

Card table byte_map: [0x0000014419260000,0x0000014419860000] _byte_map_base: 0x0000014415860000

Marking Bits (Prev, Next): (CMBitMap*) 0x0000014446856c08, (CMBitMap*) 0x0000014446856c40
 Prev Bits: [0x0000014419e60000, 0x000001441ce60000)
 Next Bits: [0x000001441ce60000, 0x000001441fe60000)

Polling page: 0x0000014405e00000

Metaspace:

Usage:
  Non-class:     82.56 MB capacity,    81.16 MB ( 98%) used,     1.06 MB (  1%) free+waste,   347.13 KB ( <1%) overhead. 
      Class:     13.84 MB capacity,    12.70 MB ( 92%) used,  1000.55 KB (  7%) free+waste,   167.31 KB (  1%) overhead. 
       Both:     96.39 MB capacity,    93.86 MB ( 97%) used,     2.03 MB (  2%) free+waste,   514.44 KB ( <1%) overhead. 

Virtual space:
  Non-class space:       84.00 MB reserved,      82.76 MB ( 99%) committed 
      Class space:        1.00 GB reserved,      13.88 MB (  1%) committed 
             Both:        1.08 GB reserved,      96.63 MB (  9%) committed 

Chunk freelists:
   Non-Class:  1.88 KB
       Class:  640 bytes
        Both:  2.50 KB

CodeHeap 'non-profiled nmethods': size=119168Kb used=19724Kb max_used=19729Kb free=99443Kb
 bounds [0x0000014433660000, 0x00000144349c0000, 0x000001443aac0000]
CodeHeap 'profiled nmethods': size=119168Kb used=41205Kb max_used=47862Kb free=77962Kb
 bounds [0x000001442c200000, 0x000001442f0f0000, 0x0000014433660000]
CodeHeap 'non-nmethods': size=7424Kb used=1678Kb max_used=3372Kb free=5745Kb
 bounds [0x000001442bac0000, 0x000001442bea0000, 0x000001442c200000]
 total_blobs=31899 nmethods=17259 adapters=1147
 compilation: enabled
              stopped_count=0, restarted_count=0
 full_count=0

Compilation events (10 events):
Event: 827.388 Thread 0x0000014444a71800 22069       4       java.awt.Dialog$$Lambda$218/0x000000080091fc40::evaluate (4 bytes)
Event: 827.388 Thread 0x0000014444a71800 nmethod 22069 0x000001443414f010 code [0x000001443414f1a0, 0x000001443414f218]
Event: 827.799 Thread 0x0000014444a71800 22070       4       javax.swing.JButton::isDefaultButton (25 bytes)
Event: 827.800 Thread 0x0000014444a71800 nmethod 22070 0x0000014434765d10 code [0x0000014434765ea0, 0x0000014434765ff8]
Event: 827.913 Thread 0x0000014446330800 22071       1       javax.swing.plaf.basic.BasicProgressBarUI::getRepaintInterval (5 bytes)
Event: 827.913 Thread 0x0000014446330800 nmethod 22071 0x0000014434765990 code [0x0000014434765b40, 0x0000014434765c58]
Event: 828.066 Thread 0x0000014446330800 22072       3       com.jidesoft.editor.CodeEditor::getSelectionStartLine (49 bytes)
Event: 828.067 Thread 0x0000014446330800 nmethod 22072 0x000001442d140e10 code [0x000001442d141060, 0x000001442d141780]
Event: 828.067 Thread 0x0000014446330800 22073       3       com.jidesoft.editor.CodeEditor::getSelectionEndLine (49 bytes)
Event: 828.067 Thread 0x0000014446330800 nmethod 22073 0x000001442d189510 code [0x000001442d189760, 0x000001442d189e80]

GC Heap History (10 events):
Event: 821.661 GC heap before
{Heap before GC invocations=359 (full 94):
 garbage-first heap   total 189440K, used 147475K [0x0000000740000000, 0x0000000800000000)
  region size 1024K, 60 young (61440K), 2 survivors (2048K)
 Metaspace       used 95990K, capacity 98644K, committed 98696K, reserved 1134592K
  class space    used 12995K, capacity 14171K, committed 14208K, reserved 1048576K
}
Event: 821.663 GC heap after
{Heap after GC invocations=360 (full 94):
 garbage-first heap   total 189440K, used 87913K [0x0000000740000000, 0x0000000800000000)
  region size 1024K, 1 young (1024K), 1 survivors (1024K)
 Metaspace       used 95990K, capacity 98644K, committed 98696K, reserved 1134592K
  class space    used 12995K, capacity 14171K, committed 14208K, reserved 1048576K
}
Event: 823.635 GC heap before
{Heap before GC invocations=360 (full 94):
 garbage-first heap   total 189440K, used 148329K [0x0000000740000000, 0x0000000800000000)
  region size 1024K, 60 young (61440K), 1 survivors (1024K)
 Metaspace       used 95996K, capacity 98644K, committed 98696K, reserved 1134592K
  class space    used 12995K, capacity 14171K, committed 14208K, reserved 1048576K
}
Event: 823.637 GC heap after
{Heap after GC invocations=361 (full 94):
 garbage-first heap   total 189440K, used 87934K [0x0000000740000000, 0x0000000800000000)
  region size 1024K, 1 young (1024K), 1 survivors (1024K)
 Metaspace       used 95996K, capacity 98644K, committed 98696K, reserved 1134592K
  class space    used 12995K, capacity 14171K, committed 14208K, reserved 1048576K
}
Event: 825.238 GC heap before
{Heap before GC invocations=362 (full 94):
 garbage-first heap   total 189440K, used 148350K [0x0000000740000000, 0x0000000800000000)
  region size 1024K, 60 young (61440K), 1 survivors (1024K)
 Metaspace       used 96029K, capacity 98644K, committed 98696K, reserved 1134592K
  class space    used 12995K, capacity 14171K, committed 14208K, reserved 1048576K
}
Event: 825.240 GC heap after
{Heap after GC invocations=363 (full 94):
 garbage-first heap   total 189440K, used 87998K [0x0000000740000000, 0x0000000800000000)
  region size 1024K, 2 young (2048K), 2 survivors (2048K)
 Metaspace       used 96029K, capacity 98644K, committed 98696K, reserved 1134592K
  class space    used 12995K, capacity 14171K, committed 14208K, reserved 1048576K
}
Event: 826.436 GC heap before
{Heap before GC invocations=363 (full 94):
 garbage-first heap   total 189440K, used 147390K [0x0000000740000000, 0x0000000800000000)
  region size 1024K, 60 young (61440K), 2 survivors (2048K)
 Metaspace       used 96060K, capacity 98644K, committed 98696K, reserved 1134592K
  class space    used 12995K, capacity 14171K, committed 14208K, reserved 1048576K
}
Event: 826.438 GC heap after
{Heap after GC invocations=364 (full 94):
 garbage-first heap   total 189440K, used 88207K [0x0000000740000000, 0x0000000800000000)
  region size 1024K, 2 young (2048K), 2 survivors (2048K)
 Metaspace       used 96060K, capacity 98644K, committed 98696K, reserved 1134592K
  class space    used 12995K, capacity 14171K, committed 14208K, reserved 1048576K
}
Event: 826.727 GC heap before
{Heap before GC invocations=365 (full 94):
 garbage-first heap   total 189440K, used 147599K [0x0000000740000000, 0x0000000800000000)
  region size 1024K, 60 young (61440K), 2 survivors (2048K)
 Metaspace       used 96086K, capacity 98708K, committed 98952K, reserved 1134592K
  class space    used 12995K, capacity 14171K, committed 14208K, reserved 1048576K
}
Event: 826.728 GC heap after
{Heap after GC invocations=366 (full 94):
 garbage-first heap   total 189440K, used 88053K [0x0000000740000000, 0x0000000800000000)
  region size 1024K, 2 young (2048K), 2 survivors (2048K)
 Metaspace       used 96086K, capacity 98708K, committed 98952K, reserved 1134592K
  class space    used 12995K, capacity 14171K, committed 14208K, reserved 1048576K
}

Deoptimization events (10 events):
Event: 827.367 Thread 0x0000014423caa800 Uncommon trap: reason=class_check action=maybe_recompile pc=0x000001443457c788 method=javax.swing.RepaintManager.updateWindows(Ljava/util/Map;)V @ 79 c2
Event: 827.368 Thread 0x0000014423caa800 Uncommon trap: reason=bimorphic_or_optimized_type_check action=maybe_recompile pc=0x00000144340aff30 method=java.awt.DefaultKeyboardFocusManager.dispatchEvent(Ljava/awt/AWTEvent;)Z @ 1462 c2
Event: 827.368 Thread 0x0000014423caa800 Uncommon trap: reason=class_check action=maybe_recompile pc=0x0000014433bedf60 method=sun.awt.im.InputContext.getComponentWindow(Ljava/awt/Component;)Ljava/awt/Window; @ 14 c2
Event: 827.374 Thread 0x0000014423caa800 Uncommon trap: reason=unstable_if action=reinterpret pc=0x0000014433d668a8 method=com.jidesoft.grid.JideTable$t_.propertyChange(Ljava/beans/PropertyChangeEvent;)V @ 70 c2
Event: 827.765 Thread 0x0000014423caa800 Uncommon trap: reason=bimorphic_or_optimized_type_check action=maybe_recompile pc=0x00000144346230d8 method=java.awt.Container.findComponentAt(IIZ)Ljava/awt/Component; @ 9 c2
Event: 827.766 Thread 0x0000014423caa800 Uncommon trap: reason=bimorphic_or_optimized_type_check action=maybe_recompile pc=0x00000144346230d8 method=java.awt.Container.findComponentAt(IIZ)Ljava/awt/Component; @ 9 c2
Event: 827.766 Thread 0x0000014423caa800 Uncommon trap: reason=bimorphic_or_optimized_type_check action=maybe_recompile pc=0x00000144346230d8 method=java.awt.Container.findComponentAt(IIZ)Ljava/awt/Component; @ 9 c2
Event: 827.774 Thread 0x0000014423caa800 Uncommon trap: reason=bimorphic_or_optimized_type_check action=maybe_recompile pc=0x00000144346230d8 method=java.awt.Container.findComponentAt(IIZ)Ljava/awt/Component; @ 9 c2
Event: 827.789 Thread 0x0000014423caa800 Uncommon trap: reason=class_check action=maybe_recompile pc=0x00000144344cd6cc method=java.awt.Container.dispatchEventImpl(Ljava/awt/AWTEvent;)V @ 34 c2
Event: 827.798 Thread 0x0000014423caa800 Uncommon trap: reason=class_check action=maybe_recompile pc=0x00000144344cd6cc method=java.awt.Container.dispatchEventImpl(Ljava/awt/AWTEvent;)V @ 34 c2

Classes redefined (0 events):
No events

Internal exceptions (10 events):
Event: 111.527 Thread 0x0000014423caa800 Exception <a 'java/lang/NoSuchMethodError'{0x0000000746467c00}: java.lang.invoke.DelegatingMethodHandle$Holder.reinvoke_L(Ljava/lang/Object;IILjava/lang/Object;Ljava/lang/Object;Ljava/lang/Object;Ljava/lang/Object;Ljava/lang/Object;Ljava/lang/Object;Ljava
Event: 111.529 Thread 0x0000014423caa800 Exception <a 'java/lang/NoSuchMethodError'{0x0000000746320f30}: java.lang.invoke.DirectMethodHandle$Holder.invokeSpecial(Ljava/lang/Object;Ljava/lang/Object;Ljava/lang/Object;Ljava/lang/Object;Ljava/lang/Object;Ljava/lang/Object;Ljava/lang/Object;Ljava/la
Event: 111.529 Thread 0x0000014423caa800 Exception <a 'java/lang/NoSuchMethodError'{0x0000000746349d48}: java.lang.invoke.Invokers$Holder.linkToTargetMethod(Ljava/lang/Object;Ljava/lang/Object;Ljava/lang/Object;Ljava/lang/Object;Ljava/lang/Object;Ljava/lang/Object;Ljava/lang/Object;Ljava/lang/Ob
Event: 112.585 Thread 0x000001442908a000 Exception <a 'java/lang/InterruptedException'{0x000000074820d388}: sleep interrupted> (0x000000074820d388) thrown at [t:/workspace/open/src/hotspot/share/prims/jvm.cpp, line 3091]
Event: 112.586 Thread 0x000001442908a000 Exception <a 'java/lang/InterruptedException'{0x000000074821ab58}: sleep interrupted> (0x000000074821ab58) thrown at [t:/workspace/open/src/hotspot/share/prims/jvm.cpp, line 3091]
Event: 113.033 Thread 0x0000014423caa800 Exception <a 'java/lang/NoSuchMethodError'{0x0000000747257b88}: java.lang.invoke.DirectMethodHandle$Holder.invokeSpecial(Ljava/lang/Object;Ljava/lang/Object;IILjava/lang/Object;Ljava/lang/Object;I)Ljava/lang/Object;> (0x0000000747257b88) thrown at [t:/wor
Event: 113.033 Thread 0x0000014423caa800 Exception <a 'java/lang/NoSuchMethodError'{0x000000074725b2b0}: java.lang.invoke.DelegatingMethodHandle$Holder.reinvoke_L(Ljava/lang/Object;IILjava/lang/Object;Ljava/lang/Object;I)Ljava/lang/Object;> (0x000000074725b2b0) thrown at [t:/workspace/open/src/h
Event: 119.809 Thread 0x0000014423f94000 Implicit null exception at 0x000001443474f6ff to 0x0000014434751482
Event: 159.075 Thread 0x0000014423caa800 Implicit null exception at 0x0000014433d6b0f4 to 0x0000014433d6ba8a
Event: 779.801 Thread 0x0000014423f96800 Implicit null exception at 0x0000014433be86cd to 0x0000014433be9586

Events (10 events):
Event: 827.766 Thread 0x0000014423caa800 DEOPT UNPACKING pc=0x000001442bae91af sp=0x00000012dd5f52a8 mode 2
Event: 827.773 Thread 0x0000014423caa800 Uncommon trap: trap_request=0xffffffc6 fr.pc=0x00000144346230d8 relative=0x0000000000000778
Event: 827.774 Thread 0x0000014423caa800 DEOPT PACKING pc=0x00000144346230d8 sp=0x00000012dd5f6f10
Event: 827.774 Thread 0x0000014423caa800 DEOPT UNPACKING pc=0x000001442bae91af sp=0x00000012dd5f6da8 mode 2
Event: 827.789 Thread 0x0000014423caa800 Uncommon trap: trap_request=0xffffffde fr.pc=0x00000144344cd6cc relative=0x000000000000068c
Event: 827.789 Thread 0x0000014423caa800 DEOPT PACKING pc=0x00000144344cd6cc sp=0x00000012dd5f5560
Event: 827.789 Thread 0x0000014423caa800 DEOPT UNPACKING pc=0x000001442bae91af sp=0x00000012dd5f5508 mode 2
Event: 827.798 Thread 0x0000014423caa800 Uncommon trap: trap_request=0xffffffde fr.pc=0x00000144344cd6cc relative=0x000000000000068c
Event: 827.798 Thread 0x0000014423caa800 DEOPT PACKING pc=0x00000144344cd6cc sp=0x00000012dd5f5560
Event: 827.798 Thread 0x0000014423caa800 DEOPT UNPACKING pc=0x000001442bae91af sp=0x00000012dd5f5508 mode 2


Dynamic libraries:
0x00007ff7d2e80000 - 0x00007ff7d2eaf000 	C:\Xilinx\Vivado\2020.2\bin\unwrapped\win64.o\vivado.exe
0x00007ffcd8000000 - 0x00007ffcd8266000 	C:\WINDOWS\SYSTEM32\ntdll.dll
0x00007ffcd6c00000 - 0x00007ffcd6cc9000 	C:\WINDOWS\System32\KERNEL32.DLL
0x00007ffcd5780000 - 0x00007ffcd5b7e000 	C:\WINDOWS\System32\KERNELBASE.dll
0x00007ffcd5410000 - 0x00007ffcd555c000 	C:\WINDOWS\System32\ucrtbase.dll
0x00007ffcb79f0000 - 0x00007ffcb7a96000 	C:\WINDOWS\SYSTEM32\MSVCP140.dll
0x00007ffcd1d60000 - 0x00007ffcd1d78000 	C:\Xilinx\Vivado\2020.2\lib\win64.o\librdi_commonmain.dll
0x00007ffca58a0000 - 0x00007ffca58b6000 	C:\WINDOWS\SYSTEM32\VCRUNTIME140.dll
0x00007ffc45730000 - 0x00007ffc468a7000 	C:\Xilinx\Vivado\2020.2\lib\win64.o\librdi_common.dll
0x00007ffcc7100000 - 0x00007ffcc7113000 	C:\Xilinx\Vivado\2020.2\lib\win64.o\libboost_signals.dll
0x00007ffcd7050000 - 0x00007ffcd7217000 	C:\WINDOWS\System32\USER32.dll
0x00007ffcd5d00000 - 0x00007ffcd5d27000 	C:\WINDOWS\System32\win32u.dll
0x00007ffcc33e0000 - 0x00007ffcc3402000 	C:\Xilinx\Vivado\2020.2\lib\win64.o\libboost_filesystem.dll
0x00007ffcd7990000 - 0x00007ffcd7a47000 	C:\WINDOWS\System32\ADVAPI32.dll
0x00007ffcd6b40000 - 0x00007ffcd6b6b000 	C:\WINDOWS\System32\GDI32.dll
0x00007ffcd6e00000 - 0x00007ffcd6ea9000 	C:\WINDOWS\System32\msvcrt.dll
0x00007ffcd52e0000 - 0x00007ffcd540a000 	C:\WINDOWS\System32\gdi32full.dll
0x00007ffcd5b90000 - 0x00007ffcd5c33000 	C:\WINDOWS\System32\msvcp_win.dll
0x00007ffc9f300000 - 0x00007ffc9f499000 	C:\Xilinx\Vivado\2020.2\lib\win64.o\librdi_commonxillic.dll
0x00007ffcd1d20000 - 0x00007ffcd1d29000 	C:\Xilinx\Vivado\2020.2\lib\win64.o\librdi_commonversion.dll
0x00007ffcd5d30000 - 0x00007ffcd5dda000 	C:\WINDOWS\System32\sechost.dll
0x00007ffcd6cf0000 - 0x00007ffcd6d70000 	C:\WINDOWS\System32\WS2_32.dll
0x00007ffcd6f30000 - 0x00007ffcd7048000 	C:\WINDOWS\System32\RPCRT4.dll
0x00007ffcd63a0000 - 0x00007ffcd6b32000 	C:\WINDOWS\System32\SHELL32.dll
0x0000000058bf0000 - 0x0000000058d1b000 	C:\Xilinx\Vivado\2020.2\lib\win64.o\tcl85t.dll
0x00007ffc46d50000 - 0x00007ffc470be000 	C:\Xilinx\Vivado\2020.2\lib\win64.o\libCOIN-all.dll
0x00007ffcd02a0000 - 0x00007ffcd02b0000 	C:\Xilinx\Vivado\2020.2\lib\win64.o\libboost_date_time.dll
0x00007ffcbce00000 - 0x00007ffcbce73000 	C:\Xilinx\Vivado\2020.2\lib\win64.o\libboost_program_options.dll
0x00007ffcb77e0000 - 0x00007ffcb78f1000 	C:\Xilinx\Vivado\2020.2\lib\win64.o\libboost_regex.dll
0x00007ffcd0070000 - 0x00007ffcd0079000 	C:\Xilinx\Vivado\2020.2\lib\win64.o\libboost_system.dll
0x00007ffccdc80000 - 0x00007ffccdc8c000 	C:\Xilinx\Vivado\2020.2\lib\win64.o\libboost_xilinx.dll
0x00007ffcc3380000 - 0x00007ffcc339e000 	C:\Xilinx\Vivado\2020.2\lib\win64.o\libboost_thread.dll
0x00007ffcb4530000 - 0x00007ffcb45d5000 	C:\Xilinx\Vivado\2020.2\lib\win64.o\libhdxml.dll
0x00007ffcb7960000 - 0x00007ffcb79e2000 	C:\Xilinx\Vivado\2020.2\lib\win64.o\libhdlpsolve.dll
0x00007ffcc2bd0000 - 0x00007ffcc2bf8000 	C:\Xilinx\Vivado\2020.2\lib\win64.o\libisl_sysinfo.dll
0x00007ffcb7bd0000 - 0x00007ffcb7c35000 	C:\Xilinx\Vivado\2020.2\lib\win64.o\liblmx6.0.dll
0x00007ffc44930000 - 0x00007ffc45722600 	C:\Xilinx\Vivado\2020.2\lib\win64.o\libisl_iostreams.dll
0x00007ffcbd9b0000 - 0x00007ffcbd9cc000 	C:\Xilinx\Vivado\2020.2\lib\win64.o\librdiconfig.dll
0x00007ffcbd920000 - 0x00007ffcbd941000 	C:\Xilinx\Vivado\2020.2\lib\win64.o\librdizlib.dll
0x00007ffcd6eb0000 - 0x00007ffcd6f17000 	C:\WINDOWS\System32\SHLWAPI.dll
0x00007ffcbd820000 - 0x00007ffcbd83a000 	C:\Xilinx\Vivado\2020.2\lib\win64.o\pthreadVC2.dll
0x0000000012000000 - 0x0000000012270000 	C:\Xilinx\Vivado\2020.2\lib\win64.o\xerces-c_3_1.dll
0x00007ffc46a70000 - 0x00007ffc46d4b000 	C:\Xilinx\Vivado\2020.2\lib\win64.o\libXil_lmgr11.dll
0x00007ffcd6210000 - 0x00007ffcd6302000 	C:\WINDOWS\System32\COMDLG32.dll
0x00007ffcd7600000 - 0x00007ffcd7983000 	C:\WINDOWS\System32\combase.dll
0x00007ffcd7420000 - 0x00007ffcd7517000 	C:\WINDOWS\System32\shcore.dll
0x00007ffcb4b00000 - 0x00007ffcb4b1a000 	C:\WINDOWS\SYSTEM32\NETAPI32.dll
0x00007ffcc1490000 - 0x00007ffcc1725000 	C:\WINDOWS\SYSTEM32\WININET.dll
0x00007ffcd7520000 - 0x00007ffcd75f9000 	C:\WINDOWS\System32\OLEAUT32.dll
0x00007ffcd5e80000 - 0x00007ffcd6019000 	C:\WINDOWS\System32\ole32.dll
0x00007ffcbf450000 - 0x00007ffcbf62c000 	C:\WINDOWS\SYSTEM32\urlmon.dll
0x00007ffcce5e0000 - 0x00007ffcce707000 	C:\WINDOWS\SYSTEM32\WINHTTP.dll
0x00007ffcd5110000 - 0x00007ffcd513a000 	C:\WINDOWS\SYSTEM32\bcrypt.dll
0x00007ffcd5570000 - 0x00007ffcd55f3000 	C:\WINDOWS\System32\WINTRUST.dll
0x00007ffcd5600000 - 0x00007ffcd5778000 	C:\WINDOWS\System32\CRYPT32.dll
0x00007ffcbd600000 - 0x00007ffcbd60a000 	C:\WINDOWS\SYSTEM32\WSOCK32.dll
0x00007ffcbb780000 - 0x00007ffcbb7a7000 	C:\WINDOWS\SYSTEM32\VCOMP140.DLL
0x00007ffcc6d60000 - 0x00007ffcc6d6c000 	C:\Xilinx\Vivado\2020.2\lib\win64.o\libboost_chrono.dll
0x00007ffc42a10000 - 0x00007ffc44927000 	C:\Xilinx\Vivado\2020.2\lib\win64.o\gurobi90.dll
0x00007ffcbd800000 - 0x00007ffcbd816000 	C:\Xilinx\Vivado\2020.2\lib\win64.o\libboost_iostreams.dll
0x00007ffcd6d80000 - 0x00007ffcd6df2000 	C:\WINDOWS\System32\WLDAP32.dll
0x00007ffcd7fb0000 - 0x00007ffcd7fb8000 	C:\WINDOWS\System32\Normaliz.dll
0x00007ffcbb590000 - 0x00007ffcbb5b3000 	C:\Xilinx\Vivado\2020.2\lib\win64.o\libisl_iosutils.dll
0x00007ffcb2e80000 - 0x00007ffcb2f35000 	C:\WINDOWS\WinSxS\amd64_microsoft.windows.common-controls_6595b64144ccf1df_5.82.26100.8328_none_87eede957a2ccddd\COMCTL32.dll
0x00007ffcceca0000 - 0x00007ffccecc5000 	C:\WINDOWS\SYSTEM32\dhcpcsvc.DLL
0x00007ffcd2ce0000 - 0x00007ffcd3572000 	C:\WINDOWS\SYSTEM32\windows.storage.dll
0x00007ffcbf150000 - 0x00007ffcbf415000 	C:\WINDOWS\SYSTEM32\iertutil.dll
0x00007ffcbefe0000 - 0x00007ffcbf009000 	C:\WINDOWS\SYSTEM32\srvcli.dll
0x00007ffcd3850000 - 0x00007ffcd385d000 	C:\WINDOWS\SYSTEM32\netutils.dll
0x00007ffcd44b0000 - 0x00007ffcd451c000 	C:\WINDOWS\SYSTEM32\MSWSOCK.DLL
0x00007ffcd5e40000 - 0x00007ffcd5e72000 	C:\WINDOWS\System32\IMM32.DLL
0x00007ffcd4830000 - 0x00007ffcd4843000 	C:\WINDOWS\SYSTEM32\MSASN1.dll
0x00007ffcd3f00000 - 0x00007ffcd3f1b000 	C:\WINDOWS\SYSTEM32\kernel.appcore.dll
0x00007ffc403c0000 - 0x00007ffc408e2000 	C:\Xilinx\Vivado\2020.2\lib\win64.o\librdi_commontasks.dll
0x00007ffc400e0000 - 0x00007ffc403b5000 	C:\Xilinx\Vivado\2020.2\lib\win64.o\librdi_sio.dll
0x00007ffcc2a20000 - 0x00007ffcc2a2b000 	C:\WINDOWS\SYSTEM32\VERSION.dll
0x00007ffcd3980000 - 0x00007ffcd39b3000 	C:\WINDOWS\SYSTEM32\IPHLPAPI.DLL
0x00007ffc3f5b0000 - 0x00007ffc400d3000 	C:\Xilinx\Vivado\2020.2\tps\win64\jre11.0.2\bin\server\jvm.dll
0x00007ffcd6f20000 - 0x00007ffcd6f28000 	C:\WINDOWS\System32\PSAPI.DLL
0x00007ffca18d0000 - 0x00007ffca1906000 	C:\WINDOWS\SYSTEM32\WINMM.dll
0x00007ffc3caf0000 - 0x00007ffc3f5ae000 	C:\Xilinx\Vivado\2020.2\lib\win64.o\librdi_tcltasks.dll
0x00007ffc6f5d0000 - 0x00007ffc6f783000 	C:\Xilinx\Vivado\2020.2\lib\win64.o\librdi_board.dll
0x00007ffc3c640000 - 0x00007ffc3cae6000 	C:\Xilinx\Vivado\2020.2\lib\win64.o\librdi_bitstream.dll
0x00007ffcb0830000 - 0x00007ffcb08ae000 	C:\Xilinx\Vivado\2020.2\lib\win64.o\librdi_boarddep.dll
0x00007ffca7610000 - 0x00007ffca7706000 	C:\Xilinx\Vivado\2020.2\lib\win64.o\librdi_chipscope.dll
0x00007ffc4ee20000 - 0x00007ffc4ef81000 	C:\Xilinx\Vivado\2020.2\lib\win64.o\librdi_containers.dll
0x00007ffc3c450000 - 0x00007ffc3c63a000 	C:\Xilinx\Vivado\2020.2\lib\win64.o\librdi_chipscopeimpl.dll
0x00007ffc37b40000 - 0x00007ffc38258000 	C:\Xilinx\Vivado\2020.2\lib\win64.o\librdi_coregenipxact.dll
0x00007ffc3a620000 - 0x00007ffc3c44c000 	C:\Xilinx\Vivado\2020.2\lib\win64.o\librdi_constraints.dll
0x00007ffc38260000 - 0x00007ffc3a61d000 	C:\Xilinx\Vivado\2020.2\lib\win64.o\librdi_coregen.dll
0x00007ffc35dd0000 - 0x00007ffc37b31000 	C:\Xilinx\Vivado\2020.2\lib\win64.o\librdi_designutils.dll
0x00007ffc35a60000 - 0x00007ffc35dc8000 	C:\Xilinx\Vivado\2020.2\lib\win64.o\librdi_dlyest.dll
0x00007ffc34d30000 - 0x00007ffc353f2000 	C:\Xilinx\Vivado\2020.2\lib\win64.o\librdi_filemgmt.dll
0x00007ffc7ed20000 - 0x00007ffc7edd3000 	C:\Xilinx\Vivado\2020.2\lib\win64.o\librdi_dsp.dll
0x00007ffc35400000 - 0x00007ffc35a5d000 	C:\Xilinx\Vivado\2020.2\lib\win64.o\librdi_drc.dll
0x00007ffc34a10000 - 0x00007ffc34d2d000 	C:\Xilinx\Vivado\2020.2\lib\win64.o\librdi_guitools.dll
0x00007ffc9f290000 - 0x00007ffc9f2fb000 	C:\Xilinx\Vivado\2020.2\lib\win64.o\librdi_hdf.dll
0x00007ffc49c40000 - 0x00007ffc49d87000 	C:\Xilinx\Vivado\2020.2\lib\win64.o\librdi_hip_perf_analysis.dll
0x00007ffc34790000 - 0x00007ffc34a07000 	C:\Xilinx\Vivado\2020.2\lib\win64.o\librdi_hip_devdesign.dll
0x00007ffc32bb0000 - 0x00007ffc34784000 	C:\Xilinx\Vivado\2020.2\lib\win64.o\librdi_implflow.dll
0x00007ffc854e0000 - 0x00007ffc85552000 	C:\Xilinx\Vivado\2020.2\lib\win64.o\librdi_memoryarray.dll
0x00007ffc32560000 - 0x00007ffc32bac000 	C:\Xilinx\Vivado\2020.2\lib\win64.o\librdi_memdata.dll
0x00007ffc84e00000 - 0x00007ffc84e54000 	C:\Xilinx\Vivado\2020.2\lib\win64.o\librdi_pfi.dll
0x00007ffc2f9e0000 - 0x00007ffc3010c000 	C:\Xilinx\Vivado\2020.2\lib\win64.o\librdi_netlist.dll
0x00007ffc30110000 - 0x00007ffc32554000 	C:\Xilinx\Vivado\2020.2\lib\win64.o\librdi_mig.dll
0x00007ffc2b4b0000 - 0x00007ffc2e6b7000 	C:\Xilinx\Vivado\2020.2\lib\win64.o\librdi_place.dll
0x00007ffc2f1c0000 - 0x00007ffc2f9d7000 	C:\Xilinx\Vivado\2020.2\lib\win64.o\librdi_power.dll
0x00007ffc2ee20000 - 0x00007ffc2f1be000 	C:\Xilinx\Vivado\2020.2\lib\win64.o\librdi_platform.dll
0x00007ffbd9960000 - 0x00007ffbf1f3f000 	C:\Xilinx\Vivado\2020.2\lib\win64.o\librdi_device.dll
0x00007ffc2ad80000 - 0x00007ffc2b4a2000 	C:\Xilinx\Vivado\2020.2\lib\win64.o\librdi_psta.dll
0x00007ffc2a570000 - 0x00007ffc2ad7c000 	C:\Xilinx\Vivado\2020.2\lib\win64.o\librdi_rsb.dll
0x00007ffc2a040000 - 0x00007ffc2a56b000 	C:\Xilinx\Vivado\2020.2\lib\win64.o\librdi_runs.dll
0x00007ffc77af0000 - 0x00007ffc77bf9000 	C:\Xilinx\Vivado\2020.2\lib\win64.o\librdi_runsbase.dll
0x00007ffc29dc0000 - 0x00007ffc2a034000 	C:\Xilinx\Vivado\2020.2\lib\win64.o\librdi_simdata.dll
0x00007ffc2e7a0000 - 0x00007ffc2ee14000 	C:\Xilinx\Vivado\2020.2\lib\win64.o\librdi_project.dll
0x00007ffc28e30000 - 0x00007ffc29db1000 	C:\Xilinx\Vivado\2020.2\lib\win64.o\librdi_timing.dll
0x00007ffc4cba0000 - 0x00007ffc4ccb6000 	C:\Xilinx\Vivado\2020.2\lib\win64.o\librdi_xhub.dll
0x00007ffc7abd0000 - 0x00007ffc7ac77000 	C:\Xilinx\Vivado\2020.2\lib\win64.o\librdi_xhubtasks.dll
0x00007ffc28c40000 - 0x00007ffc28e2b000 	C:\Xilinx\Vivado\2020.2\lib\win64.o\librdi_advchipscopeimpl.dll
0x00007ffcb07e0000 - 0x00007ffcb0827000 	C:\Xilinx\Vivado\2020.2\lib\win64.o\libboost_serialization.dll
0x00007ffc6d0a0000 - 0x00007ffc6d18b000 	C:\Xilinx\Vivado\2020.2\lib\win64.o\librdi_ipconfig_readwrite.dll
0x00007ffc7b700000 - 0x00007ffc7b76a000 	C:\Xilinx\Vivado\2020.2\lib\win64.o\librdi_noc_frameworks.dll
0x00007ffc51040000 - 0x00007ffc51106000 	C:\Xilinx\Vivado\2020.2\lib\win64.o\librdi_bda.dll
0x00007ffc9c3f0000 - 0x00007ffc9c436000 	C:\Xilinx\Vivado\2020.2\lib\win64.o\libboost_graph.dll
0x00007ffc284d0000 - 0x00007ffc28c37000 	C:\Xilinx\Vivado\2020.2\lib\win64.o\librdi_ippcw.dll
0x00007ffc27970000 - 0x00007ffc284c6000 	C:\Xilinx\Vivado\2020.2\lib\win64.o\libverific.dll
0x00007ffc27670000 - 0x00007ffc2796b000 	C:\Xilinx\Vivado\2020.2\lib\win64.o\librdi_hip_config.dll
0x00007ffc7a3b0000 - 0x00007ffc7a43d000 	C:\Xilinx\Vivado\2020.2\lib\win64.o\treelite_runtime.dll

dbghelp: loaded successfully - version: 4.0.5 - missing functions: none
symbol engine: initialized successfully - sym options: 0x614 - pdb path: .;C:\Xilinx\Vivado\2020.2\bin\unwrapped\win64.o;C:\WINDOWS\SYSTEM32;C:\Xilinx\Vivado\2020.2\lib\win64.o;C:\WINDOWS\WinSxS\amd64_microsoft.windows.common-controls_6595b64144ccf1df_5.82.26100.8328_none_87eede957a2ccddd;C:\Xilinx\Vivado\2020.2\tps\win64\jre11.0.2\bin\server;C:\Xilinx\Vivado\2020.2\tps\win64\python-3.8.3;C:\Xilinx\Vivado\2020.2\tps\win64\jre11.0.2\bin;C:\WINDOWS\WinSxS\amd64_microsoft.windows.common-controls_6595b64144ccf1df_6.0.26100.8894_none_3e0f749ee32e02ea

VM Arguments:
jvm_args: -Dsun.java2d.pmoffscreen=false -Dhttps.protocols=TLSv1,TLSv1.1,TLSv1.2 -Dsun.java2d.xrender=false -Dsun.java2d.d3d=false -Dsun.awt.nopixfmt=true -Dsun.java2d.dpiaware=true -Dsun.java2d.uiScale.enabled=false -Xverify:none -Dswing.aatext=true -XX:-UsePerfData -Djdk.map.althashing.threshold=512 -XX:StringTableSize=4072 --add-opens=java.base/java.nio=ALL-UNNAMED --add-opens=java.desktop/sun.swing=ALL-UNNAMED --add-opens=java.desktop/javax.swing=ALL-UNNAMED --add-opens=java.desktop/javax.swing.tree=ALL-UNNAMED --add-opens=java.desktop/javax.swing.plaf.basic=ALL-UNNAMED --add-opens=java.desktop/javax.swing.plaf.synth=ALL-UNNAMED --add-opens=java.desktop/com.sun.awt=ALL-UNNAMED -XX:NewSize=60m -XX:MaxNewSize=60m -Xms128m -Xmx3072m -Xss5m 
java_command: <unknown>
java_class_path (initial): C:/Xilinx/Vivado/2020.2\lib\classes\alloy.jar;C:/Xilinx/Vivado/2020.2\lib\classes\ArchiveSummary.jar;C:/Xilinx/Vivado/2020.2\lib\classes\autoesl-models.jar;C:/Xilinx/Vivado/2020.2\lib\classes\autopilot.scelaborator.jar;C:/Xilinx/Vivado/2020.2\lib\classes\autopilot.sourceprocessor.jar;C:/Xilinx/Vivado/2020.2\lib\classes\autopilot.tbprocessor.jar;C:/Xilinx/Vivado/2020.2\lib\classes\batik-anim.jar;C:/Xilinx/Vivado/2020.2\lib\classes\batik-awt-util.jar;C:/Xilinx/Vivado/2020.2\lib\classes\batik-bridge.jar;C:/Xilinx/Vivado/2020.2\lib\classes\batik-codec.jar;C:/Xilinx/Vivado/2020.2\lib\classes\batik-css.jar;C:/Xilinx/Vivado/2020.2\lib\classes\batik-dom.jar;C:/Xilinx/Vivado/2020.2\lib\classes\batik-ext.jar;C:/Xilinx/Vivado/2020.2\lib\classes\batik-gui-util.jar;C:/Xilinx/Vivado/2020.2\lib\classes\batik-gvt.jar;C:/Xilinx/Vivado/2020.2\lib\classes\batik-parser.jar;C:/Xilinx/Vivado/2020.2\lib\classes\batik-script.jar;C:/Xilinx/Vivado/2020.2\lib\classes\batik-svg-dom.jar;C:/Xilinx/Vivado/2020.2\lib\classes\batik-swing.jar;C:/Xilinx/Vivado/2020.2\lib\classes\batik-transcoder.jar;C:/Xilinx/Vivado/2020.2\lib\classes\batik-util.jar;C:/Xilinx/Vivado/2020.2\lib\classes\batik-xml.jar;C:/Xilinx/Vivado/2020.2\lib\classes\com.google.gson_2.8.2.v20180104-1110.jar;C:/Xilinx/Vivado/2020.2\lib\classes\com.google.guava_27.1.0.v20190517-1946.jar;C:/Xilinx/Vivado/2020.2\lib\classes\com.ibm.icu_4.4.2.v20110208.jar;C:/Xilinx/Vivado/2020.2\lib\classes\com.sigasi.hdt.connection_4.9.0.202009050929.jar;C:/Xilinx/Vivado/2020.2\lib\classes\com.sigasi.hdt.epl_4.9.0.202009050929.jar;C:/Xilinx/Vivado/2020.2\lib\classes\com.sigasi.hdt.project_4.9.0.202009050929.jar;C:/Xilinx/Vivado/2020.2\lib\classes\com.sigasi.hdt.readonlyfilesystem_4.9.0.202009050929.jar;C:/Xilinx/Vivado/2020.2\lib\classes\com.sigasi.lcm_4.9.0.202009050929.jar;C:/Xilinx/Vivado/2020.2\lib\classes\com.sigasi.sdk.client_4.9.0.202009050929.jar;C:/Xilinx/Vivado/2020.2\lib\classes\com.xilinx.hls.services.jar;C:/Xili
Launcher Type: generic

[Global flags]
     bool BytecodeVerificationLocal                = false                                     {product} {command line}
     bool BytecodeVerificationRemote               = false                                     {product} {command line}
     intx CICompilerCount                          = 12                                        {product} {ergonomic}
     uint ConcGCThreads                            = 3                                         {product} {ergonomic}
     uint G1ConcRefinementThreads                  = 13                                        {product} {ergonomic}
   size_t G1HeapRegionSize                         = 1048576                                   {product} {ergonomic}
    uintx GCDrainStackTargetSize                   = 64                                        {product} {ergonomic}
   size_t InitialHeapSize                          = 134217728                                 {product} {command line}
   size_t MarkStackSize                            = 4194304                                   {product} {ergonomic}
   size_t MaxHeapSize                              = 3221225472                                {product} {command line}
   size_t MaxNewSize                               = 62914560                                  {product} {command line}
   size_t MinHeapDeltaBytes                        = 1048576                                   {product} {ergonomic}
   size_t NewSize                                  = 62914560                                  {product} {command line}
    uintx NonNMethodCodeHeapSize                   = 7591728                                {pd product} {ergonomic}
    uintx NonProfiledCodeHeapSize                  = 122033256                              {pd product} {ergonomic}
    uintx ProfiledCodeHeapSize                     = 122033256                              {pd product} {ergonomic}
    uintx ReservedCodeCacheSize                    = 251658240                              {pd product} {ergonomic}
     bool SegmentedCodeCache                       = true                                      {product} {ergonomic}
    uintx StringTableSize                          = 4072                                      {product} {command line}
     intx ThreadStackSize                          = 5120                                   {pd product} {command line}
     bool UseCompressedClassPointers               = true                                 {lp64_product} {ergonomic}
     bool UseCompressedOops                        = true                                 {lp64_product} {ergonomic}
     bool UseG1GC                                  = true                                      {product} {ergonomic}
     bool UseLargePagesIndividualAllocation        = false                                  {pd product} {ergonomic}
     bool UsePerfData                              = false                                     {product} {command line}

Logging:
Log output configuration:
 #0: stdout all=warning uptime,level,tags
 #1: stderr all=off uptime,level,tags

Environment Variables:
PATH=C:/Xilinx/Vivado/2020.2\gnuwin\bin;C:/Xilinx/Vivado/2020.2\gnu\microblaze\nt\bin;C:/Xilinx/Vivado/2020.2/bin;C:/Xilinx/Vivado/2020.2/tps/win64/javafx-sdk-11.0.2/lib;C:/Xilinx/Vivado/2020.2/tps/win64/javafx-sdk-11.0.2/bin;C:/Xilinx/Vivado/2020.2/lib/win64.o;C:/Xilinx/Vivado/2020.2/tps/win64/jre11.0.2/bin/server;C:/Xilinx/Vivado/2020.2/tps/win64/jre11.0.2/bin;C:/Xilinx/Vitis/2020.2/bin;C:/Xilinx/Vivado/2020.2/ids_lite/ISE/bin/nt64;C:/Xilinx/Vivado/2020.2/ids_lite/ISE/lib/nt64;C:/Xilinx/Vitis_HLS/2020.2/bin;C:\WINDOWS\system32;C:\WINDOWS;C:\WINDOWS\System32\Wbem;C:\WINDOWS\System32\WindowsPowerShell\v1.0\;C:\WINDOWS\System32\OpenSSH\;C:\Program Files\Bandizip\;C:\Program Files\Git\cmd;C:\Users\kccistc\.local\bin;C:\Users\kccistc\AppData\Local\Microsoft\WindowsApps;C:\Users\kccistc\AppData\Local\Programs\Microsoft VS Code\bin;;C:/Xilinx/Vivado/2020.2\tps\mingw\6.2.0\win64.o\nt\bin;C:/Xilinx/Vivado/2020.2\tps\mingw\6.2.0\win64.o\nt\libexec\gcc\x86_64-w64-mingw32\6.2.0;C:/Xilinx/Vivado/2020.2\tps\win64\python-3.8.3;C:/Xilinx/Vivado/2020.2\tps\win64\python-3.8.3\bin;C:/Xilinx/Vivado/2020.2\tps\win64\python-3.8.3\lib;C:/Xilinx/Vivado/2020.2\tps\win64\python-3.8.3\lib\site-packages
USERNAME=kccistc
OS=Windows_NT
PROCESSOR_IDENTIFIER=Intel64 Family 6 Model 154 Stepping 3, GenuineIntel



---------------  S Y S T E M  ---------------

OS: Windows 10 , 64 bit Build 26100 (10.0.26100.8875)

CPU:total 16 (initial active 16) (8 cores per cpu, 2 threads per core) family 6 model 154 stepping 3, cmov, cx8, fxsr, mmx, sse, sse2, sse3, ssse3, sse4.1, sse4.2, popcnt, avx, avx2, aes, clmul, erms, 3dnowpref, lzcnt, ht, tsc, tscinvbit, bmi1, bmi2, adx, sha, fma

Memory: 4k page, system-wide physical 16066M (7532M free)
TotalPageFile size 32450M (AvailPageFile size 20524M)
current process WorkingSet (physical memory assigned to process): 1005M, peak: 1117M
current process commit charge ("private bytes"): 1002M, peak: 1105M

vm_info: OpenJDK 64-Bit Server VM (11.0.2+9) for windows-amd64 JRE (11.0.2+9), built on Jan 18 2019 05:23:22 by "mach5one" with MS VC++ 15.5 (VS2017)

END.
