
*** Running vivado
    with args -log adder_fnd.vds -m64 -product Vivado -mode batch -messageDb vivado.pb -notrace -source adder_fnd.tcl



****** Vivado v2020.2 (64-bit)
  **** SW Build 3064766 on Wed Nov 18 09:12:45 MST 2020
  **** IP Build 3064653 on Wed Nov 18 14:17:31 MST 2020
    ** Copyright 1986-2020 Xilinx, Inc. All Rights Reserved.

source adder_fnd.tcl -notrace
Command: synth_design -top adder_fnd -part xc7a35tcpg236-1
Starting synth_design
Attempting to get a license for feature 'Synthesis' and/or device 'xc7a35t'
INFO: [Common 17-349] Got license for feature 'Synthesis' and/or device 'xc7a35t'
INFO: [Device 21-403] Loading part xc7a35tcpg236-1
INFO: [Synth 8-7079] Multithreading enabled for synth_design using a maximum of 2 processes.
INFO: [Synth 8-7078] Launching helper process for spawning children vivado processes
INFO: [Synth 8-7075] Helper process launched with PID 23248
---------------------------------------------------------------------------------
Starting RTL Elaboration : Time (s): cpu = 00:00:02 ; elapsed = 00:00:03 . Memory (MB): peak = 1106.336 ; gain = 0.000
---------------------------------------------------------------------------------
INFO: [Synth 8-6157] synthesizing module 'adder_fnd' [D:/26ai_camp/2026_07_20_adder_fnd/2026_07_20_adder_fnd.srcs/sources_1/imports/new/adder_practice.v:5]
INFO: [Synth 8-6157] synthesizing module 'full_adder_8bit' [D:/26ai_camp/2026_07_20_adder_fnd/2026_07_20_adder_fnd.srcs/sources_1/imports/new/adder_practice.v:33]
INFO: [Synth 8-6157] synthesizing module 'full_adder_4bit' [D:/26ai_camp/2026_07_20_adder_fnd/2026_07_20_adder_fnd.srcs/sources_1/imports/new/adder_practice.v:49]
INFO: [Synth 8-6157] synthesizing module 'full_adder' [D:/26ai_camp/2026_07_20_adder_fnd/2026_07_20_adder_fnd.srcs/sources_1/imports/new/adder_practice.v:69]
INFO: [Synth 8-6157] synthesizing module 'half_adder' [D:/26ai_camp/2026_07_20_adder_fnd/2026_07_20_adder_fnd.srcs/sources_1/imports/new/adder_practice.v:85]
INFO: [Synth 8-6155] done synthesizing module 'half_adder' (1#1) [D:/26ai_camp/2026_07_20_adder_fnd/2026_07_20_adder_fnd.srcs/sources_1/imports/new/adder_practice.v:85]
INFO: [Synth 8-6155] done synthesizing module 'full_adder' (2#1) [D:/26ai_camp/2026_07_20_adder_fnd/2026_07_20_adder_fnd.srcs/sources_1/imports/new/adder_practice.v:69]
INFO: [Synth 8-6155] done synthesizing module 'full_adder_4bit' (3#1) [D:/26ai_camp/2026_07_20_adder_fnd/2026_07_20_adder_fnd.srcs/sources_1/imports/new/adder_practice.v:49]
INFO: [Synth 8-6155] done synthesizing module 'full_adder_8bit' (4#1) [D:/26ai_camp/2026_07_20_adder_fnd/2026_07_20_adder_fnd.srcs/sources_1/imports/new/adder_practice.v:33]
INFO: [Synth 8-6157] synthesizing module 'fnd_controller' [D:/26ai_camp/2026_07_20_adder_fnd/2026_07_20_adder_fnd.srcs/sources_1/new/fnd_controller.v:3]
INFO: [Synth 8-6157] synthesizing module 'decoder_2x4' [D:/26ai_camp/2026_07_20_adder_fnd/2026_07_20_adder_fnd.srcs/sources_1/new/fnd_controller.v:99]
INFO: [Synth 8-226] default block is never used [D:/26ai_camp/2026_07_20_adder_fnd/2026_07_20_adder_fnd.srcs/sources_1/new/fnd_controller.v:104]
INFO: [Synth 8-6155] done synthesizing module 'decoder_2x4' (5#1) [D:/26ai_camp/2026_07_20_adder_fnd/2026_07_20_adder_fnd.srcs/sources_1/new/fnd_controller.v:99]
INFO: [Synth 8-6157] synthesizing module 'digit_spliter' [D:/26ai_camp/2026_07_20_adder_fnd/2026_07_20_adder_fnd.srcs/sources_1/new/fnd_controller.v:130]
INFO: [Synth 8-6155] done synthesizing module 'digit_spliter' (6#1) [D:/26ai_camp/2026_07_20_adder_fnd/2026_07_20_adder_fnd.srcs/sources_1/new/fnd_controller.v:130]
INFO: [Synth 8-6157] synthesizing module 'mux_4x1' [D:/26ai_camp/2026_07_20_adder_fnd/2026_07_20_adder_fnd.srcs/sources_1/new/fnd_controller.v:115]
INFO: [Synth 8-6155] done synthesizing module 'mux_4x1' (7#1) [D:/26ai_camp/2026_07_20_adder_fnd/2026_07_20_adder_fnd.srcs/sources_1/new/fnd_controller.v:115]
INFO: [Synth 8-6157] synthesizing module 'bcd' [D:/26ai_camp/2026_07_20_adder_fnd/2026_07_20_adder_fnd.srcs/sources_1/new/fnd_controller.v:145]
INFO: [Synth 8-6155] done synthesizing module 'bcd' (8#1) [D:/26ai_camp/2026_07_20_adder_fnd/2026_07_20_adder_fnd.srcs/sources_1/new/fnd_controller.v:145]
INFO: [Synth 8-6157] synthesizing module 'clk_div' [D:/26ai_camp/2026_07_20_adder_fnd/2026_07_20_adder_fnd.srcs/sources_1/new/fnd_controller.v:55]
INFO: [Synth 8-6155] done synthesizing module 'clk_div' (9#1) [D:/26ai_camp/2026_07_20_adder_fnd/2026_07_20_adder_fnd.srcs/sources_1/new/fnd_controller.v:55]
INFO: [Synth 8-6157] synthesizing module 'counter_4' [D:/26ai_camp/2026_07_20_adder_fnd/2026_07_20_adder_fnd.srcs/sources_1/new/fnd_controller.v:81]
INFO: [Synth 8-6155] done synthesizing module 'counter_4' (10#1) [D:/26ai_camp/2026_07_20_adder_fnd/2026_07_20_adder_fnd.srcs/sources_1/new/fnd_controller.v:81]
INFO: [Synth 8-6155] done synthesizing module 'fnd_controller' (11#1) [D:/26ai_camp/2026_07_20_adder_fnd/2026_07_20_adder_fnd.srcs/sources_1/new/fnd_controller.v:3]
INFO: [Synth 8-6155] done synthesizing module 'adder_fnd' (12#1) [D:/26ai_camp/2026_07_20_adder_fnd/2026_07_20_adder_fnd.srcs/sources_1/imports/new/adder_practice.v:5]
---------------------------------------------------------------------------------
Finished RTL Elaboration : Time (s): cpu = 00:00:03 ; elapsed = 00:00:04 . Memory (MB): peak = 1106.336 ; gain = 0.000
---------------------------------------------------------------------------------
---------------------------------------------------------------------------------
Start Handling Custom Attributes
---------------------------------------------------------------------------------
---------------------------------------------------------------------------------
Finished Handling Custom Attributes : Time (s): cpu = 00:00:03 ; elapsed = 00:00:04 . Memory (MB): peak = 1106.336 ; gain = 0.000
---------------------------------------------------------------------------------
---------------------------------------------------------------------------------
Finished RTL Optimization Phase 1 : Time (s): cpu = 00:00:03 ; elapsed = 00:00:04 . Memory (MB): peak = 1106.336 ; gain = 0.000
---------------------------------------------------------------------------------
Netlist sorting complete. Time (s): cpu = 00:00:00 ; elapsed = 00:00:00.001 . Memory (MB): peak = 1106.336 ; gain = 0.000
INFO: [Project 1-570] Preparing netlist for logic optimization

Processing XDC Constraints
Initializing timing engine
Parsing XDC File [D:/26ai_camp/2026_07_21_adder_fnd/2026_07_21_adder_fnd.srcs/constrs_1/new/clk.xdc]
Finished Parsing XDC File [D:/26ai_camp/2026_07_21_adder_fnd/2026_07_21_adder_fnd.srcs/constrs_1/new/clk.xdc]
INFO: [Project 1-236] Implementation specific constraints were found while reading constraint file [D:/26ai_camp/2026_07_21_adder_fnd/2026_07_21_adder_fnd.srcs/constrs_1/new/clk.xdc]. These constraints will be ignored for synthesis but will be used in implementation. Impacted constraints are listed in the file [.Xil/adder_fnd_propImpl.xdc].
Resolution: To avoid this warning, move constraints listed in [.Xil/adder_fnd_propImpl.xdc] to another XDC file and exclude this new file from synthesis with the used_in_synthesis property (File Properties dialog in GUI) and re-run elaboration/synthesis.
Completed Processing XDC Constraints

Netlist sorting complete. Time (s): cpu = 00:00:00 ; elapsed = 00:00:00 . Memory (MB): peak = 1149.129 ; gain = 0.000
INFO: [Project 1-111] Unisim Transformation Summary:
No Unisim elements were transformed.

Constraint Validation Runtime : Time (s): cpu = 00:00:00 ; elapsed = 00:00:00.002 . Memory (MB): peak = 1149.129 ; gain = 0.000
---------------------------------------------------------------------------------
Finished Constraint Validation : Time (s): cpu = 00:00:07 ; elapsed = 00:00:08 . Memory (MB): peak = 1149.129 ; gain = 42.793
---------------------------------------------------------------------------------
---------------------------------------------------------------------------------
Start Loading Part and Timing Information
---------------------------------------------------------------------------------
Loading part: xc7a35tcpg236-1
---------------------------------------------------------------------------------
Finished Loading Part and Timing Information : Time (s): cpu = 00:00:07 ; elapsed = 00:00:08 . Memory (MB): peak = 1149.129 ; gain = 42.793
---------------------------------------------------------------------------------
---------------------------------------------------------------------------------
Start Applying 'set_property' XDC Constraints
---------------------------------------------------------------------------------
---------------------------------------------------------------------------------
Finished applying 'set_property' XDC Constraints : Time (s): cpu = 00:00:07 ; elapsed = 00:00:08 . Memory (MB): peak = 1149.129 ; gain = 42.793
---------------------------------------------------------------------------------
---------------------------------------------------------------------------------
Finished RTL Optimization Phase 2 : Time (s): cpu = 00:00:07 ; elapsed = 00:00:08 . Memory (MB): peak = 1149.129 ; gain = 42.793
---------------------------------------------------------------------------------
---------------------------------------------------------------------------------
Start RTL Component Statistics 
---------------------------------------------------------------------------------
Detailed RTL Component Info : 
+---Adders : 
	   2 Input   16 Bit       Adders := 1     
	   2 Input    2 Bit       Adders := 1     
+---XORs : 
	   2 Input      1 Bit         XORs := 16    
+---Registers : 
	               16 Bit    Registers := 1     
	                2 Bit    Registers := 1     
	                1 Bit    Registers := 1     
+---Muxes : 
	   4 Input    4 Bit        Muxes := 1     
	   5 Input    4 Bit        Muxes := 1     
---------------------------------------------------------------------------------
Finished RTL Component Statistics 
---------------------------------------------------------------------------------
---------------------------------------------------------------------------------
Start Part Resource Summary
---------------------------------------------------------------------------------
Part Resources:
DSPs: 90 (col length:60)
BRAMs: 100 (col length: RAMB18 60 RAMB36 30)
---------------------------------------------------------------------------------
Finished Part Resource Summary
---------------------------------------------------------------------------------
---------------------------------------------------------------------------------
Start Cross Boundary and Area Optimization
---------------------------------------------------------------------------------
---------------------------------------------------------------------------------
Finished Cross Boundary and Area Optimization : Time (s): cpu = 00:00:09 ; elapsed = 00:00:10 . Memory (MB): peak = 1149.129 ; gain = 42.793
---------------------------------------------------------------------------------
---------------------------------------------------------------------------------
Start Applying XDC Timing Constraints
---------------------------------------------------------------------------------
---------------------------------------------------------------------------------
Finished Applying XDC Timing Constraints : Time (s): cpu = 00:00:13 ; elapsed = 00:00:14 . Memory (MB): peak = 1149.129 ; gain = 42.793
---------------------------------------------------------------------------------
---------------------------------------------------------------------------------
Start Timing Optimization
---------------------------------------------------------------------------------
---------------------------------------------------------------------------------
Finished Timing Optimization : Time (s): cpu = 00:00:13 ; elapsed = 00:00:14 . Memory (MB): peak = 1166.406 ; gain = 60.070
---------------------------------------------------------------------------------
---------------------------------------------------------------------------------
Start Technology Mapping
---------------------------------------------------------------------------------
---------------------------------------------------------------------------------
Finished Technology Mapping : Time (s): cpu = 00:00:13 ; elapsed = 00:00:14 . Memory (MB): peak = 1168.566 ; gain = 62.230
---------------------------------------------------------------------------------
---------------------------------------------------------------------------------
Start IO Insertion
---------------------------------------------------------------------------------
---------------------------------------------------------------------------------
Start Flattening Before IO Insertion
---------------------------------------------------------------------------------
---------------------------------------------------------------------------------
Finished Flattening Before IO Insertion
---------------------------------------------------------------------------------
---------------------------------------------------------------------------------
Start Final Netlist Cleanup
---------------------------------------------------------------------------------
---------------------------------------------------------------------------------
Finished Final Netlist Cleanup
---------------------------------------------------------------------------------
---------------------------------------------------------------------------------
Finished IO Insertion : Time (s): cpu = 00:00:15 ; elapsed = 00:00:16 . Memory (MB): peak = 1184.355 ; gain = 78.020
---------------------------------------------------------------------------------
---------------------------------------------------------------------------------
Start Renaming Generated Instances
---------------------------------------------------------------------------------
---------------------------------------------------------------------------------
Finished Renaming Generated Instances : Time (s): cpu = 00:00:15 ; elapsed = 00:00:16 . Memory (MB): peak = 1184.355 ; gain = 78.020
---------------------------------------------------------------------------------
---------------------------------------------------------------------------------
Start Rebuilding User Hierarchy
---------------------------------------------------------------------------------
---------------------------------------------------------------------------------
Finished Rebuilding User Hierarchy : Time (s): cpu = 00:00:15 ; elapsed = 00:00:16 . Memory (MB): peak = 1184.355 ; gain = 78.020
---------------------------------------------------------------------------------
---------------------------------------------------------------------------------
Start Renaming Generated Ports
---------------------------------------------------------------------------------
---------------------------------------------------------------------------------
Finished Renaming Generated Ports : Time (s): cpu = 00:00:15 ; elapsed = 00:00:16 . Memory (MB): peak = 1184.355 ; gain = 78.020
---------------------------------------------------------------------------------
---------------------------------------------------------------------------------
Start Handling Custom Attributes
---------------------------------------------------------------------------------
---------------------------------------------------------------------------------
Finished Handling Custom Attributes : Time (s): cpu = 00:00:15 ; elapsed = 00:00:16 . Memory (MB): peak = 1184.355 ; gain = 78.020
---------------------------------------------------------------------------------
---------------------------------------------------------------------------------
Start Renaming Generated Nets
---------------------------------------------------------------------------------
---------------------------------------------------------------------------------
Finished Renaming Generated Nets : Time (s): cpu = 00:00:15 ; elapsed = 00:00:16 . Memory (MB): peak = 1184.355 ; gain = 78.020
---------------------------------------------------------------------------------
---------------------------------------------------------------------------------
Start Writing Synthesis Report
---------------------------------------------------------------------------------

Report BlackBoxes: 
+-+--------------+----------+
| |BlackBox name |Instances |
+-+--------------+----------+
+-+--------------+----------+

Report Cell Usage: 
+------+-------+------+
|      |Cell   |Count |
+------+-------+------+
|1     |BUFG   |     1|
|2     |CARRY4 |     6|
|3     |LUT1   |     3|
|4     |LUT2   |    26|
|5     |LUT3   |     5|
|6     |LUT4   |    13|
|7     |LUT5   |    10|
|8     |LUT6   |    17|
|9     |FDCE   |    19|
|10    |IBUF   |    18|
|11    |OBUF   |    13|
+------+-------+------+
---------------------------------------------------------------------------------
Finished Writing Synthesis Report : Time (s): cpu = 00:00:15 ; elapsed = 00:00:16 . Memory (MB): peak = 1184.355 ; gain = 78.020
---------------------------------------------------------------------------------
Synthesis finished with 0 errors, 0 critical warnings and 0 warnings.
Synthesis Optimization Runtime : Time (s): cpu = 00:00:10 ; elapsed = 00:00:15 . Memory (MB): peak = 1184.355 ; gain = 35.227
Synthesis Optimization Complete : Time (s): cpu = 00:00:15 ; elapsed = 00:00:16 . Memory (MB): peak = 1184.355 ; gain = 78.020
INFO: [Project 1-571] Translating synthesized netlist
Netlist sorting complete. Time (s): cpu = 00:00:00 ; elapsed = 00:00:00.001 . Memory (MB): peak = 1195.371 ; gain = 0.000
INFO: [Netlist 29-17] Analyzing 6 Unisim elements for replacement
INFO: [Netlist 29-28] Unisim Transformation completed in 0 CPU seconds
INFO: [Project 1-570] Preparing netlist for logic optimization
INFO: [Opt 31-138] Pushed 0 inverter(s) to 0 load pin(s).
Netlist sorting complete. Time (s): cpu = 00:00:00 ; elapsed = 00:00:00 . Memory (MB): peak = 1195.371 ; gain = 0.000
INFO: [Project 1-111] Unisim Transformation Summary:
No Unisim elements were transformed.

INFO: [Common 17-83] Releasing license: Synthesis
40 Infos, 0 Warnings, 0 Critical Warnings and 0 Errors encountered.
synth_design completed successfully
synth_design: Time (s): cpu = 00:00:18 ; elapsed = 00:00:21 . Memory (MB): peak = 1195.371 ; gain = 89.035
INFO: [Common 17-1381] The checkpoint 'D:/26ai_camp/2026_07_21_adder_fnd/2026_07_21_adder_fnd.runs/synth_1/adder_fnd.dcp' has been generated.
INFO: [runtcl-4] Executing : report_utilization -file adder_fnd_utilization_synth.rpt -pb adder_fnd_utilization_synth.pb
INFO: [Common 17-206] Exiting Vivado at Tue Jul 21 16:06:37 2026...
